2025-10-21 10:10:42.198 [main] INFO  tema1.Lectura.LecturaFichero - Pepe 1 3.5 7.7
2025-10-21 10:10:42.200 [main] INFO  tema1.Lectura.LecturaFichero - Marcos 2
2025-10-21 10:10:42.200 [main] INFO  tema1.Lectura.LecturaFichero - Candela 10 11.1
2025-10-21 10:10:49.463 [main] INFO  tema1.Lectura.GestionaPersonas - Persona [nombre=Pepe, notas=[Nota [nota=1.0], Nota [nota=3.5], Nota [nota=7.7]]]
2025-10-21 10:10:49.465 [main] INFO  tema1.Lectura.GestionaPersonas - Persona [nombre=Marcos, notas=[Nota [nota=2.0]]]
2025-10-21 10:10:49.465 [main] INFO  tema1.Lectura.GestionaPersonas - Persona [nombre=Candela, notas=[Nota [nota=10.0], Nota [nota=11.1]]]
2025-10-21 11:40:26.095 [main] INFO  tema1.Bolein3.GestionaPersonas - Número de veces: 
2025-10-21 11:44:53.970 [main] INFO  tema1.Bolein3.GestionaPersonas - Número de veces: 6
2025-10-21 12:02:48.100 [main] INFO  tema1.Bolein3.GestionaPersonas - Número de veces: 6
2025-10-21 12:02:59.300 [main] INFO  tema1.Bolein3.GestionaPersonas - Número de veces: 6
2025-10-21 12:03:25.809 [main] INFO  tema1.Bolein3.GestionaPersonas - Número de veces: 6
2025-10-21 12:14:05.157 [main] INFO  tema1.Bolein3.GestionaPersonas - Número de veces: 6
2025-10-21 19:43:53.671 [main] DEBUG tema1.LecturayEscritura.ContadorPalabras - Error al leer empleadosjava.lang.IllegalStateException: Expected BEGIN_ARRAY but was BEGIN_OBJECT at line 1 column 2 path $
2025-10-21 19:47:22.493 [main] INFO  tema1.Bolein3.GestionaPersonas - Persona [nombre=Pepe, notas=[Nota [nota=1.0], Nota [nota=3.5], Nota [nota=7.7]]]
2025-10-21 19:47:22.495 [main] INFO  tema1.Bolein3.GestionaPersonas - Persona [nombre=Marcos, notas=[Nota [nota=2.0]]]
2025-10-21 19:47:22.495 [main] INFO  tema1.Bolein3.GestionaPersonas - Persona [nombre=Candela, notas=[Nota [nota=10.0], Nota [nota=11.1]]]
2025-10-21 19:47:28.922 [main] DEBUG tema1.LecturayEscritura.ContadorPalabras - Error al leer empleadosjava.lang.IllegalStateException: Expected BEGIN_ARRAY but was BEGIN_OBJECT at line 1 column 2 path $
2025-10-21 19:51:53.742 [main] DEBUG tema1.LecturayEscritura.ContadorPalabras - Error al leer empleadosjava.lang.IllegalStateException: Expected BEGIN_ARRAY but was BEGIN_OBJECT at line 1 column 2 path $
2025-10-21 19:52:20.019 [main] DEBUG tema1.LecturayEscritura.ContadorPalabras - Error al leer empleadosjava.lang.NumberFormatException: For input string: "empleado21"
2025-10-21 19:53:29.215 [main] INFO  tema1.LecturayEscritura.ContadorPalabras - [Empleado [nombreApellido=Miguel Ramirez, empresa=Su Empresa, identificador=empleado21, edad=34]]
2025-10-21 20:02:53.364 [main] INFO  tema1.Ejercicio4.Ejercicio4 - fichero.txt
2025-10-21 20:03:24.264 [main] ERROR tema1.Ejercicio3.Ejercicio3 - Error al crear fichero:El sistema no puede encontrar la ruta especificada
2025-10-21 20:04:05.694 [main] INFO  utils.ManejaJson - [Empleado [nombreApellido=Miguel Ramirez, empresa=Su Empresa, identificador=empleado21, edad=34]]
2025-10-21 20:07:29.422 [main] DEBUG utils.ManejaPokemons - Error al leer empleadosjava.lang.IllegalStateException: Expected BEGIN_ARRAY but was BEGIN_OBJECT at line 1 column 2 path $
2025-10-21 20:07:52.456 [main] INFO  utils.ManejaPokemons - [Pokemon [id=1, nombre=Bulbasaur, tipo=Planta, habilidadPrincipal=Clorofila, evoluciona_a=Ivysaur, altura_m=0.7, peso_kg=6.9]]
