2025-10-08 08:09:08.619 [main] INFO  tema1.Ejercicio3.Ejercicio3 - true
2025-10-08 08:09:08.621 [main] INFO  tema1.Ejercicio3.Ejercicio3 - false
2025-10-08 11:45:00.214 [main] INFO  tema1.Ejercicio3.Ejercicio3 - true
2025-10-08 11:45:00.216 [main] INFO  tema1.Ejercicio3.Ejercicio3 - false
2025-10-08 12:18:36.809 [main] ERROR tema1.Ejercicio3.Ejercicio3 - No se encuentra
2025-10-08 12:19:31.974 [main] ERROR tema1.Ejercicio3.Ejercicio3 - No se encuentra
2025-10-08 12:19:49.315 [main] ERROR tema1.Ejercicio3.Ejercicio3 - No se encuentra
2025-10-08 12:20:25.501 [main] ERROR tema1.Ejercicio3.Ejercicio3 - No se encuentra
2025-10-08 12:20:41.863 [main] INFO  tema1.Ejercicio3.Ejercicio3 - .gitignore
2025-10-08 12:20:41.866 [main] INFO  tema1.Ejercicio3.Ejercicio3 - .gitignore
2025-10-08 12:20:41.866 [main] INFO  tema1.Ejercicio3.Ejercicio3 - Acceso a Datos.iml
2025-10-08 12:20:41.866 [main] INFO  tema1.Ejercicio3.Ejercicio3 - misc.xml
2025-10-08 12:20:41.866 [main] INFO  tema1.Ejercicio3.Ejercicio3 - modules.xml
2025-10-08 12:20:41.866 [main] INFO  tema1.Ejercicio3.Ejercicio3 - vcs.xml
2025-10-08 12:20:41.867 [main] INFO  tema1.Ejercicio3.Ejercicio3 - .lock
2025-10-08 12:20:41.867 [main] INFO  tema1.Ejercicio3.Ejercicio3 - .lock_info
2025-10-08 12:20:41.867 [main] INFO  tema1.Ejercicio3.Ejercicio3 - .log
2025-10-08 12:20:41.867 [main] INFO  tema1.Ejercicio3.Ejercicio3 - .tasks.xml.zip
2025-10-08 12:20:41.867 [main] INFO  tema1.Ejercicio3.Ejercicio3 - repositories.xml.zip
2025-10-08 12:20:41.867 [main] INFO  tema1.Ejercicio3.Ejercicio3 - tasks.xml.zip
2025-10-08 12:20:41.868 [main] INFO  tema1.Ejercicio3.Ejercicio3 - versions.json
2025-10-08 12:20:41.869 [main] INFO  tema1.Ejercicio3.Ejercicio3 - a01826d5b693001016298ee343650f78
2025-10-08 12:20:41.869 [main] INFO  tema1.Ejercicio3.Ejercicio3 - 004d2c87b09300101875b512f7d282ae
2025-10-08 12:20:41.869 [main] INFO  tema1.Ejercicio3.Ejercicio3 - 7002db722ba400101f75c82e046e094a
2025-10-08 12:20:41.870 [main] INFO  tema1.Ejercicio3.Ejercicio3 - 7076674a0da400101c3ef4fea371dfbe
2025-10-08 12:20:41.870 [main] INFO  tema1.Ejercicio3.Ejercicio3 - 0009d8465ba3001016f1dc770a053d57
2025-10-08 12:20:41.870 [main] INFO  tema1.Ejercicio3.Ejercicio3 - 10ce3245b09300101875b512f7d282ae
2025-10-08 12:20:41.871 [main] INFO  tema1.Ejercicio3.Ejercicio3 - 3057c30eb29300101875b512f7d282ae
2025-10-08 12:20:41.871 [main] INFO  tema1.Ejercicio3.Ejercicio3 - 6021f299a39300101875b512f7d282ae
2025-10-08 12:20:41.871 [main] INFO  tema1.Ejercicio3.Ejercicio3 - a05b0e7030a400101f75c82e046e094a
2025-10-08 12:20:41.871 [main] INFO  tema1.Ejercicio3.Ejercicio3 - 809550e1af9300101875b512f7d282ae
2025-10-08 12:20:41.871 [main] INFO  tema1.Ejercicio3.Ejercicio3 - 00f5425baf9300101875b512f7d282ae
2025-10-08 12:20:41.871 [main] INFO  tema1.Ejercicio3.Ejercicio3 - 0069f8d4a29300101875b512f7d282ae
2025-10-08 12:20:41.871 [main] INFO  tema1.Ejercicio3.Ejercicio3 - 101227d6af9300101875b512f7d282ae
2025-10-08 12:20:41.871 [main] INFO  tema1.Ejercicio3.Ejercicio3 - e0fef645a49300101875b512f7d282ae
2025-10-08 12:20:41.873 [main] INFO  tema1.Ejercicio3.Ejercicio3 - 800eeed2ac9300101875b512f7d282ae
2025-10-08 12:20:41.873 [main] INFO  tema1.Ejercicio3.Ejercicio3 - 00d0ef9cae9300101875b512f7d282ae
2025-10-08 12:20:41.873 [main] INFO  tema1.Ejercicio3.Ejercicio3 - 903d71a4af9300101875b512f7d282ae
2025-10-08 12:20:41.874 [main] INFO  tema1.Ejercicio3.Ejercicio3 - 5093aa43a39300101875b512f7d282ae
2025-10-08 12:20:41.874 [main] INFO  tema1.Ejercicio3.Ejercicio3 - 80145e40b09300101875b512f7d282ae
2025-10-08 12:20:41.874 [main] INFO  tema1.Ejercicio3.Ejercicio3 - 70a7ef41a49300101875b512f7d282ae
2025-10-08 12:20:41.875 [main] INFO  tema1.Ejercicio3.Ejercicio3 - 0018ef3d61a3001016f1dc770a053d57
2025-10-08 12:20:41.875 [main] INFO  tema1.Ejercicio3.Ejercicio3 - 30d527172fa400101f75c82e046e094a
2025-10-08 12:20:41.876 [main] INFO  tema1.Ejercicio3.Ejercicio3 - 90aa1ab2ae9300101875b512f7d282ae
2025-10-08 12:20:41.876 [main] INFO  tema1.Ejercicio3.Ejercicio3 - b035b5442fa400101f75c82e046e094a
2025-10-08 12:20:41.876 [main] INFO  tema1.Ejercicio3.Ejercicio3 - c0bd7be4af9300101875b512f7d282ae
2025-10-08 12:20:41.876 [main] INFO  tema1.Ejercicio3.Ejercicio3 - 80468ff7ae9300101875b512f7d282ae
2025-10-08 12:20:41.877 [main] INFO  tema1.Ejercicio3.Ejercicio3 - 00362b3dae9300101875b512f7d282ae
2025-10-08 12:20:41.877 [main] INFO  tema1.Ejercicio3.Ejercicio3 - e01c78c962a3001016f1dc770a053d57
2025-10-08 12:20:41.877 [main] INFO  tema1.Ejercicio3.Ejercicio3 - f0a2d99062a3001016f1dc770a053d57
2025-10-08 12:20:41.878 [main] INFO  tema1.Ejercicio3.Ejercicio3 - 70b2738463a3001016f1dc770a053d57
2025-10-08 12:20:41.878 [main] INFO  tema1.Ejercicio3.Ejercicio3 - 200be043b793001016298ee343650f78
2025-10-08 12:20:41.878 [main] INFO  tema1.Ejercicio3.Ejercicio3 - d063f1392da400101f75c82e046e094a
2025-10-08 12:20:41.878 [main] INFO  tema1.Ejercicio3.Ejercicio3 - 002ccfa3c193001016298ee343650f78
2025-10-08 12:20:41.879 [main] INFO  tema1.Ejercicio3.Ejercicio3 - 708eca7ba39300101875b512f7d282ae
2025-10-08 12:20:41.879 [main] INFO  tema1.Ejercicio3.Ejercicio3 - 10cc52d55ba3001016f1dc770a053d57
2025-10-08 12:20:41.880 [main] INFO  tema1.Ejercicio3.Ejercicio3 - 5042cf712ca400101f75c82e046e094a
2025-10-08 12:20:41.880 [main] INFO  tema1.Ejercicio3.Ejercicio3 - f0641925aa9300101875b512f7d282ae
2025-10-08 12:20:41.880 [main] INFO  tema1.Ejercicio3.Ejercicio3 - 70d083742ba400101f75c82e046e094a
2025-10-08 12:20:41.881 [main] INFO  tema1.Ejercicio3.Ejercicio3 - 40f94fe1af9300101875b512f7d282ae
2025-10-08 12:20:41.881 [main] INFO  tema1.Ejercicio3.Ejercicio3 - 9024a76c5ba3001016f1dc770a053d57
2025-10-08 12:20:41.881 [main] INFO  tema1.Ejercicio3.Ejercicio3 - b0b181e82ea400101f75c82e046e094a
2025-10-08 12:20:41.881 [main] INFO  tema1.Ejercicio3.Ejercicio3 - 304f6231b793001016298ee343650f78
2025-10-08 12:20:41.882 [main] INFO  tema1.Ejercicio3.Ejercicio3 - 1070a7c5af9300101875b512f7d282ae
2025-10-08 12:20:41.882 [main] INFO  tema1.Ejercicio3.Ejercicio3 - 101e584d5aa3001016f1dc770a053d57
2025-10-08 12:20:41.882 [main] INFO  tema1.Ejercicio3.Ejercicio3 - a03a202530a400101f75c82e046e094a
2025-10-08 12:20:41.882 [main] INFO  tema1.Ejercicio3.Ejercicio3 - 50af75d5a29300101875b512f7d282ae
2025-10-08 12:20:41.883 [main] INFO  tema1.Ejercicio3.Ejercicio3 - a0874d102fa400101f75c82e046e094a
2025-10-08 12:20:41.883 [main] INFO  tema1.Ejercicio3.Ejercicio3 - b06ae68b5594001014ccb056d55596a4
2025-10-08 12:20:41.883 [main] INFO  tema1.Ejercicio3.Ejercicio3 - e094f85d62a3001016f1dc770a053d57
2025-10-08 12:20:41.883 [main] INFO  tema1.Ejercicio3.Ejercicio3 - 20163baf58a3001016f1dc770a053d57
2025-10-08 12:20:41.884 [main] INFO  tema1.Ejercicio3.Ejercicio3 - f04457deaa9300101875b512f7d282ae
2025-10-08 12:20:41.884 [main] INFO  tema1.Ejercicio3.Ejercicio3 - 20acd43fa39300101875b512f7d282ae
2025-10-08 12:20:41.884 [main] INFO  tema1.Ejercicio3.Ejercicio3 - c0d2c1bbb993001016298ee343650f78
2025-10-08 12:20:41.884 [main] INFO  tema1.Ejercicio3.Ejercicio3 - f0ee06b862a3001016f1dc770a053d57
2025-10-08 12:20:41.885 [main] INFO  tema1.Ejercicio3.Ejercicio3 - 80c2304cab9300101875b512f7d282ae
2025-10-08 12:20:41.885 [main] INFO  tema1.Ejercicio3.Ejercicio3 - 1058b056b09300101875b512f7d282ae
2025-10-08 12:20:41.885 [main] INFO  tema1.Ejercicio3.Ejercicio3 - 2015718fb29300101875b512f7d282ae
2025-10-08 12:20:41.885 [main] INFO  tema1.Ejercicio3.Ejercicio3 - 3088ddd2b693001016298ee343650f78
2025-10-08 12:20:41.885 [main] INFO  tema1.Ejercicio3.Ejercicio3 - 203a9d4630a400101f75c82e046e094a
2025-10-08 12:20:41.886 [main] INFO  tema1.Ejercicio3.Ejercicio3 - 005a296cad9300101875b512f7d282ae
2025-10-08 12:20:41.886 [main] INFO  tema1.Ejercicio3.Ejercicio3 - e0b9fdffb493001016298ee343650f78
2025-10-08 12:20:41.886 [main] INFO  tema1.Ejercicio3.Ejercicio3 - 50ae27d6af9300101875b512f7d282ae
2025-10-08 12:20:41.886 [main] INFO  tema1.Ejercicio3.Ejercicio3 - a06a862fb49300101875b512f7d282ae
2025-10-08 12:20:41.886 [main] INFO  tema1.Ejercicio3.Ejercicio3 - 9008a165a39300101875b512f7d282ae
2025-10-08 12:20:41.887 [main] INFO  tema1.Ejercicio3.Ejercicio3 - 30f6c0072fa400101f75c82e046e094a
2025-10-08 12:20:41.887 [main] INFO  tema1.Ejercicio3.Ejercicio3 - 20b7b79aaa9300101875b512f7d282ae
2025-10-08 12:20:41.887 [main] INFO  tema1.Ejercicio3.Ejercicio3 - 708d1282ab9300101875b512f7d282ae
2025-10-08 12:20:41.887 [main] INFO  tema1.Ejercicio3.Ejercicio3 - 10fd0264b09300101875b512f7d282ae
2025-10-08 12:20:41.888 [main] INFO  tema1.Ejercicio3.Ejercicio3 - b0ac23bdb993001016298ee343650f78
2025-10-08 12:20:41.888 [main] INFO  tema1.Ejercicio3.Ejercicio3 - f0327ce4af9300101875b512f7d282ae
2025-10-08 12:20:41.888 [main] INFO  tema1.Ejercicio3.Ejercicio3 - 10e029c9af9300101875b512f7d282ae
2025-10-08 12:20:41.888 [main] INFO  tema1.Ejercicio3.Ejercicio3 - a0561eceaf9300101875b512f7d282ae
2025-10-08 12:20:41.889 [main] INFO  tema1.Ejercicio3.Ejercicio3 - 909845cfaf9300101875b512f7d282ae
2025-10-08 12:20:41.889 [main] INFO  tema1.Ejercicio3.Ejercicio3 - a072474ab793001016298ee343650f78
2025-10-08 12:20:41.889 [main] INFO  tema1.Ejercicio3.Ejercicio3 - 709cd63b5aa3001016f1dc770a053d57
2025-10-08 12:20:41.889 [main] INFO  tema1.Ejercicio3.Ejercicio3 - 709f5505b09300101875b512f7d282ae
2025-10-08 12:20:41.889 [main] INFO  tema1.Ejercicio3.Ejercicio3 - 60577b52a49300101875b512f7d282ae
2025-10-08 12:20:41.889 [main] INFO  tema1.Ejercicio3.Ejercicio3 - 3022e76b56a3001016f1dc770a053d57
2025-10-08 12:20:41.891 [main] INFO  tema1.Ejercicio3.Ejercicio3 - 20ee97e15aa3001016f1dc770a053d57
2025-10-08 12:20:41.891 [main] INFO  tema1.Ejercicio3.Ejercicio3 - b0572cc92fa400101f75c82e046e094a
2025-10-08 12:20:41.891 [main] INFO  tema1.Ejercicio3.Ejercicio3 - a017b55d30a400101f75c82e046e094a
2025-10-08 12:20:41.891 [main] INFO  tema1.Ejercicio3.Ejercicio3 - a0888cddaf9300101875b512f7d282ae
2025-10-08 12:20:41.891 [main] INFO  tema1.Ejercicio3.Ejercicio3 - 308250aeb993001016298ee343650f78
2025-10-08 12:20:41.892 [main] INFO  tema1.Ejercicio3.Ejercicio3 - f0cc7175a39300101875b512f7d282ae
2025-10-08 12:20:41.892 [main] INFO  tema1.Ejercicio3.Ejercicio3 - 60ec8bddaf9300101875b512f7d282ae
2025-10-08 12:20:41.892 [main] INFO  tema1.Ejercicio3.Ejercicio3 - 3063f84aa39300101875b512f7d282ae
2025-10-08 12:20:41.893 [main] INFO  tema1.Ejercicio3.Ejercicio3 - d04070e5b893001016298ee343650f78
2025-10-08 12:20:41.893 [main] INFO  tema1.Ejercicio3.Ejercicio3 - 60276096ab9300101875b512f7d282ae
2025-10-08 12:20:41.893 [main] INFO  tema1.Ejercicio3.Ejercicio3 - 704ab1c9ad9300101875b512f7d282ae
2025-10-08 12:20:41.893 [main] INFO  tema1.Ejercicio3.Ejercicio3 - 20003757a39300101875b512f7d282ae
2025-10-08 12:20:41.893 [main] INFO  tema1.Ejercicio3.Ejercicio3 - 703b44daaf9300101875b512f7d282ae
2025-10-08 12:20:41.894 [main] INFO  tema1.Ejercicio3.Ejercicio3 - 3066883e2fa400101f75c82e046e094a
2025-10-08 12:20:41.894 [main] INFO  tema1.Ejercicio3.Ejercicio3 - 806cebb6ae9300101875b512f7d282ae
2025-10-08 12:20:41.894 [main] INFO  tema1.Ejercicio3.Ejercicio3 - 20481dcaac9300101875b512f7d282ae
2025-10-08 12:20:41.894 [main] INFO  tema1.Ejercicio3.Ejercicio3 - c0684b022fa400101f75c82e046e094a
2025-10-08 12:20:41.895 [main] INFO  tema1.Ejercicio3.Ejercicio3 - 609c3757a39300101875b512f7d282ae
2025-10-08 12:20:41.895 [main] INFO  tema1.Ejercicio3.Ejercicio3 - 80c4bfb3ad9300101875b512f7d282ae
2025-10-08 12:20:41.895 [main] INFO  tema1.Ejercicio3.Ejercicio3 - 00d926a4ad9300101875b512f7d282ae
2025-10-08 12:20:41.895 [main] INFO  tema1.Ejercicio3.Ejercicio3 - 10960cfd5aa3001016f1dc770a053d57
2025-10-08 12:20:41.895 [main] INFO  tema1.Ejercicio3.Ejercicio3 - 10298bddaf9300101875b512f7d282ae
2025-10-08 12:20:41.896 [main] INFO  tema1.Ejercicio3.Ejercicio3 - f08a3657a39300101875b512f7d282ae
2025-10-08 12:20:41.896 [main] INFO  tema1.Ejercicio3.Ejercicio3 - 00528d7155a3001016f1dc770a053d57
2025-10-08 12:20:41.897 [main] INFO  tema1.Ejercicio3.Ejercicio3 - 7001c7af63a3001016f1dc770a053d57
2025-10-08 12:20:41.897 [main] INFO  tema1.Ejercicio3.Ejercicio3 - 90b324f9ae9300101875b512f7d282ae
2025-10-08 12:20:41.897 [main] INFO  tema1.Ejercicio3.Ejercicio3 - 90da52065ba3001016f1dc770a053d57
2025-10-08 12:20:41.898 [main] INFO  tema1.Ejercicio3.Ejercicio3 - 00c07342ae9300101875b512f7d282ae
2025-10-08 12:20:41.898 [main] INFO  tema1.Ejercicio3.Ejercicio3 - c0d2315cb893001016298ee343650f78
2025-10-08 12:20:41.898 [main] INFO  tema1.Ejercicio3.Ejercicio3 - f06ea77e62a3001016f1dc770a053d57
2025-10-08 12:20:41.899 [main] INFO  tema1.Ejercicio3.Ejercicio3 - b0d744daaf9300101875b512f7d282ae
2025-10-08 12:20:41.899 [main] INFO  tema1.Ejercicio3.Ejercicio3 - e07751fdaf9300101875b512f7d282ae
2025-10-08 12:20:41.899 [main] INFO  tema1.Ejercicio3.Ejercicio3 - f07224f461a3001016f1dc770a053d57
2025-10-08 12:20:41.899 [main] INFO  tema1.Ejercicio3.Ejercicio3 - 10ad7f8eae9300101875b512f7d282ae
2025-10-08 12:20:41.899 [main] INFO  tema1.Ejercicio3.Ejercicio3 - a0ae26c8b49300101875b512f7d282ae
2025-10-08 12:20:41.899 [main] INFO  tema1.Ejercicio3.Ejercicio3 - 00c3934c62a3001016f1dc770a053d57
2025-10-08 12:20:41.899 [main] INFO  tema1.Ejercicio3.Ejercicio3 - 00c03497ac9300101875b512f7d282ae
2025-10-08 12:20:41.901 [main] INFO  tema1.Ejercicio3.Ejercicio3 - a0e70a5130a400101f75c82e046e094a
2025-10-08 12:20:41.901 [main] INFO  tema1.Ejercicio3.Ejercicio3 - .location
2025-10-08 12:20:41.901 [main] INFO  tema1.Ejercicio3.Ejercicio3 - .markers.snap
2025-10-08 12:20:41.901 [main] INFO  tema1.Ejercicio3.Ejercicio3 - .syncinfo.snap
2025-10-08 12:20:41.902 [main] INFO  tema1.Ejercicio3.Ejercicio3 - history.index
2025-10-08 12:20:41.902 [main] INFO  tema1.Ejercicio3.Ejercicio3 - history.index
2025-10-08 12:20:41.902 [main] INFO  tema1.Ejercicio3.Ejercicio3 - history.index
2025-10-08 12:20:41.903 [main] INFO  tema1.Ejercicio3.Ejercicio3 - history.index
2025-10-08 12:20:41.903 [main] INFO  tema1.Ejercicio3.Ejercicio3 - properties.index
2025-10-08 12:20:41.903 [main] INFO  tema1.Ejercicio3.Ejercicio3 - .markers
2025-10-08 12:20:41.903 [main] INFO  tema1.Ejercicio3.Ejercicio3 - .markers.snap
2025-10-08 12:20:41.903 [main] INFO  tema1.Ejercicio3.Ejercicio3 - .syncinfo.snap
2025-10-08 12:20:41.903 [main] INFO  tema1.Ejercicio3.Ejercicio3 - GitProjectData.properties
2025-10-08 12:20:41.904 [main] INFO  tema1.Ejercicio3.Ejercicio3 - properties.index
2025-10-08 12:20:41.904 [main] INFO  tema1.Ejercicio3.Ejercicio3 - .markers
2025-10-08 12:20:41.904 [main] INFO  tema1.Ejercicio3.Ejercicio3 - .markers.snap
2025-10-08 12:20:41.904 [main] INFO  tema1.Ejercicio3.Ejercicio3 - .syncinfo.snap
2025-10-08 12:20:41.904 [main] INFO  tema1.Ejercicio3.Ejercicio3 - GitProjectData.properties
2025-10-08 12:20:41.904 [main] INFO  tema1.Ejercicio3.Ejercicio3 - state.dat
2025-10-08 12:20:41.905 [main] INFO  tema1.Ejercicio3.Ejercicio3 - history.version
2025-10-08 12:20:41.905 [main] INFO  tema1.Ejercicio3.Ejercicio3 - properties.index
2025-10-08 12:20:41.905 [main] INFO  tema1.Ejercicio3.Ejercicio3 - properties.version
2025-10-08 12:20:41.905 [main] INFO  tema1.Ejercicio3.Ejercicio3 - .markers.snap
2025-10-08 12:20:41.905 [main] INFO  tema1.Ejercicio3.Ejercicio3 - 25.tree
2025-10-08 12:20:41.905 [main] INFO  tema1.Ejercicio3.Ejercicio3 - org.eclipse.core.resources
2025-10-08 12:20:41.905 [main] INFO  tema1.Ejercicio3.Ejercicio3 - 25.snap
2025-10-08 12:20:41.905 [main] INFO  tema1.Ejercicio3.Ejercicio3 - Docker.prefs
2025-10-08 12:20:41.905 [main] INFO  tema1.Ejercicio3.Ejercicio3 - org.eclipse.ant.ui.prefs
2025-10-08 12:20:41.905 [main] INFO  tema1.Ejercicio3.Ejercicio3 - org.eclipse.core.resources.prefs
2025-10-08 12:20:41.905 [main] INFO  tema1.Ejercicio3.Ejercicio3 - org.eclipse.core.variables.prefs
2025-10-08 12:20:41.906 [main] INFO  tema1.Ejercicio3.Ejercicio3 - org.eclipse.debug.ui.prefs
2025-10-08 12:20:41.906 [main] INFO  tema1.Ejercicio3.Ejercicio3 - org.eclipse.egit.core.prefs
2025-10-08 12:20:41.906 [main] INFO  tema1.Ejercicio3.Ejercicio3 - org.eclipse.jdt.core.prefs
2025-10-08 12:20:41.906 [main] INFO  tema1.Ejercicio3.Ejercicio3 - org.eclipse.jdt.debug.ui.prefs
2025-10-08 12:20:41.906 [main] INFO  tema1.Ejercicio3.Ejercicio3 - org.eclipse.jdt.junit.prefs
2025-10-08 12:20:41.906 [main] INFO  tema1.Ejercicio3.Ejercicio3 - org.eclipse.jdt.launching.prefs
2025-10-08 12:20:41.906 [main] INFO  tema1.Ejercicio3.Ejercicio3 - org.eclipse.jdt.ui.prefs
2025-10-08 12:20:41.906 [main] INFO  tema1.Ejercicio3.Ejercicio3 - org.eclipse.jsch.core.prefs
2025-10-08 12:20:41.906 [main] INFO  tema1.Ejercicio3.Ejercicio3 - org.eclipse.m2e.apt.prefs
2025-10-08 12:20:41.906 [main] INFO  tema1.Ejercicio3.Ejercicio3 - org.eclipse.m2e.discovery.prefs
2025-10-08 12:20:41.906 [main] INFO  tema1.Ejercicio3.Ejercicio3 - org.eclipse.mylyn.context.core.prefs
2025-10-08 12:20:41.906 [main] INFO  tema1.Ejercicio3.Ejercicio3 - org.eclipse.mylyn.monitor.ui.prefs
2025-10-08 12:20:41.906 [main] INFO  tema1.Ejercicio3.Ejercicio3 - org.eclipse.mylyn.tasks.ui.prefs
2025-10-08 12:20:41.907 [main] INFO  tema1.Ejercicio3.Ejercicio3 - org.eclipse.pde.api.tools.prefs
2025-10-08 12:20:41.907 [main] INFO  tema1.Ejercicio3.Ejercicio3 - org.eclipse.ui.editors.prefs
2025-10-08 12:20:41.907 [main] INFO  tema1.Ejercicio3.Ejercicio3 - org.eclipse.ui.ide.prefs
2025-10-08 12:20:41.907 [main] INFO  tema1.Ejercicio3.Ejercicio3 - org.eclipse.ui.workbench.prefs
2025-10-08 12:20:41.907 [main] INFO  tema1.Ejercicio3.Ejercicio3 - org.eclipse.wst.sse.ui.prefs
2025-10-08 12:20:41.907 [main] INFO  tema1.Ejercicio3.Ejercicio3 - org.springframework.ide.eclipse.boot.dash.prefs
2025-10-08 12:20:41.907 [main] INFO  tema1.Ejercicio3.Ejercicio3 - org.springframework.ide.eclipse.boot.launch.prefs
2025-10-08 12:20:41.907 [main] INFO  tema1.Ejercicio3.Ejercicio3 - org.springframework.ide.eclipse.imports.prefs
2025-10-08 12:20:41.907 [main] INFO  tema1.Ejercicio3.Ejercicio3 - org.springsource.ide.eclipse.commons.ui.prefs
2025-10-08 12:20:41.907 [main] INFO  tema1.Ejercicio3.Ejercicio3 - controlar.launch
2025-10-08 12:20:41.908 [main] INFO  tema1.Ejercicio3.Ejercicio3 - Ejemplo.launch
2025-10-08 12:20:41.908 [main] INFO  tema1.Ejercicio3.Ejercicio3 - Ejercicio1.launch
2025-10-08 12:20:41.908 [main] INFO  tema1.Ejercicio3.Ejercicio3 - Ejercicio3.launch
2025-10-08 12:20:41.908 [main] INFO  tema1.Ejercicio3.Ejercicio3 - Ejercicio4.launch
2025-10-08 12:20:41.908 [main] INFO  tema1.Ejercicio3.Ejercicio3 - dialog_settings.xml
2025-10-08 12:20:41.908 [main] INFO  tema1.Ejercicio3.Ejercicio3 - launchConfigurationHistory.xml
2025-10-08 12:20:41.908 [main] INFO  tema1.Ejercicio3.Ejercicio3 - workbench.xmi
2025-10-08 12:20:41.908 [main] INFO  tema1.Ejercicio3.Ejercicio3 - .project
2025-10-08 12:20:41.909 [main] INFO  tema1.Ejercicio3.Ejercicio3 - org.eclipse.core.resources.prefs
2025-10-08 12:20:41.909 [main] INFO  tema1.Ejercicio3.Ejercicio3 - 1283376873.index
2025-10-08 12:20:41.909 [main] INFO  tema1.Ejercicio3.Ejercicio3 - 1287215092.index
2025-10-08 12:20:41.909 [main] INFO  tema1.Ejercicio3.Ejercicio3 - 1865797976.index
2025-10-08 12:20:41.909 [main] INFO  tema1.Ejercicio3.Ejercicio3 - 2461555211.index
2025-10-08 12:20:41.909 [main] INFO  tema1.Ejercicio3.Ejercicio3 - 3334129505.index
2025-10-08 12:20:41.909 [main] INFO  tema1.Ejercicio3.Ejercicio3 - 3413270776.index
2025-10-08 12:20:41.909 [main] INFO  tema1.Ejercicio3.Ejercicio3 - 3772730432.index
2025-10-08 12:20:41.909 [main] INFO  tema1.Ejercicio3.Ejercicio3 - assumedExternalFilesCache
2025-10-08 12:20:41.909 [main] INFO  tema1.Ejercicio3.Ejercicio3 - externalFilesCache
2025-10-08 12:20:41.909 [main] INFO  tema1.Ejercicio3.Ejercicio3 - externalLibsTimeStamps
2025-10-08 12:20:41.909 [main] INFO  tema1.Ejercicio3.Ejercicio3 - javaLikeNames.txt
2025-10-08 12:20:41.911 [main] INFO  tema1.Ejercicio3.Ejercicio3 - nonChainingJarsCache
2025-10-08 12:20:41.911 [main] INFO  tema1.Ejercicio3.Ejercicio3 - savedIndexNames.txt
2025-10-08 12:20:41.911 [main] INFO  tema1.Ejercicio3.Ejercicio3 - variablesAndContainers.dat
2025-10-08 12:20:41.911 [main] INFO  tema1.Ejercicio3.Ejercicio3 - .install.xml
2025-10-08 12:20:41.911 [main] INFO  tema1.Ejercicio3.Ejercicio3 - libraryInfos.xml
2025-10-08 12:20:41.911 [main] INFO  tema1.Ejercicio3.Ejercicio3 - dialog_settings.xml
2025-10-08 12:20:41.911 [main] INFO  tema1.Ejercicio3.Ejercicio3 - 0.png
2025-10-08 12:20:41.912 [main] INFO  tema1.Ejercicio3.Ejercicio3 - 1.png
2025-10-08 12:20:41.912 [main] INFO  tema1.Ejercicio3.Ejercicio3 - OpenTypeHistory.xml
2025-10-08 12:20:41.912 [main] INFO  tema1.Ejercicio3.Ejercicio3 - QualifiedTypeNameHistory.xml
2025-10-08 12:20:41.913 [main] INFO  tema1.Ejercicio3.Ejercicio3 - refactorings.history
2025-10-08 12:20:41.913 [main] INFO  tema1.Ejercicio3.Ejercicio3 - refactorings.index
2025-10-08 12:20:41.913 [main] INFO  tema1.Ejercicio3.Ejercicio3 - dialog_settings.xml
2025-10-08 12:20:41.913 [main] INFO  tema1.Ejercicio3.Ejercicio3 - workspacestate.properties
2025-10-08 12:20:41.913 [main] INFO  tema1.Ejercicio3.Ejercicio3 - workspaceState.ser
2025-10-08 12:20:41.913 [main] INFO  tema1.Ejercicio3.Ejercicio3 - dam.accesoDatos.container
2025-10-08 12:20:41.914 [main] INFO  tema1.Ejercicio3.Ejercicio3 - 0.log
2025-10-08 12:20:41.914 [main] INFO  tema1.Ejercicio3.Ejercicio3 - logback.2.7.100.20250418-1315.xml
2025-10-08 12:20:41.914 [main] INFO  tema1.Ejercicio3.Ejercicio3 - clean-cache.properties
2025-10-08 12:20:41.915 [main] INFO  tema1.Ejercicio3.Ejercicio3 - 1759903766108.target
2025-10-08 12:20:41.915 [main] INFO  tema1.Ejercicio3.Ejercicio3 - manifest.json
2025-10-08 12:20:41.916 [main] INFO  tema1.Ejercicio3.Ejercicio3 - protocols.json
2025-10-08 12:20:41.916 [main] INFO  tema1.Ejercicio3.Ejercicio3 - BrowserMetrics-spare.pma
2025-10-08 12:20:41.916 [main] INFO  tema1.Ejercicio3.Ejercicio3 - crl-set
2025-10-08 12:20:41.916 [main] INFO  tema1.Ejercicio3.Ejercicio3 - manifest.json
2025-10-08 12:20:41.916 [main] INFO  tema1.Ejercicio3.Ejercicio3 - 00af3f07b5abb71f6d30337e1eef62fa280f06ef19485c0cf6b72171f92ccc0a
2025-10-08 12:20:41.917 [main] INFO  tema1.Ejercicio3.Ejercicio3 - 4b81b4df3ad971287e1ae02c449344fcfa5d20431de17b2ba8854cc9cdce4089
2025-10-08 12:20:41.917 [main] INFO  tema1.Ejercicio3.Ejercicio3 - 89f43cb3df807293de2772d5f01ac2fc1482b38ccc8fdaee859b80642b7a0487
2025-10-08 12:20:41.917 [main] INFO  tema1.Ejercicio3.Ejercicio3 - 95fd9d48e4fc245a3f3a99a3a16ecd1355050ba3f4afc555f19a97c7f9b49677
2025-10-08 12:20:41.917 [main] INFO  tema1.Ejercicio3.Ejercicio3 - a81d1959892ae4180554347df1b97834abba2e1a5e6b9aeba000ecea26eabecc
2025-10-08 12:20:41.917 [main] INFO  tema1.Ejercicio3.Ejercicio3 - b987bdc4f2ad2a409b964921d4a5db1cdbe07f9c98f868293b4cc32acdc42cec
2025-10-08 12:20:41.918 [main] INFO  tema1.Ejercicio3.Ejercicio3 - bcb93cba8636743d1fbd32be3bd8ce8ff602323895bf4d136c26b9bc64b0a6a4
2025-10-08 12:20:41.918 [main] INFO  tema1.Ejercicio3.Ejercicio3 - fa29a6d5775ff340900a65b39b02fc8b4b77d403c048d8debf22f2f5d09c61a0
2025-10-08 12:20:41.918 [main] INFO  tema1.Ejercicio3.Ejercicio3 - ff87fddb54d7bdc8ab8c2697bc92337c914803fb22cd32e445389e8042159ce9
2025-10-08 12:20:41.918 [main] INFO  tema1.Ejercicio3.Ejercicio3 - metadata.json
2025-10-08 12:20:41.919 [main] INFO  tema1.Ejercicio3.Ejercicio3 - metadata
2025-10-08 12:20:41.919 [main] INFO  tema1.Ejercicio3.Ejercicio3 - settings.dat
2025-10-08 12:20:41.919 [main] INFO  tema1.Ejercicio3.Ejercicio3 - throttle_store.dat
2025-10-08 12:20:41.919 [main] INFO  tema1.Ejercicio3.Ejercicio3 - LOCK
2025-10-08 12:20:41.919 [main] INFO  tema1.Ejercicio3.Ejercicio3 - LOG
2025-10-08 12:20:41.919 [main] INFO  tema1.Ejercicio3.Ejercicio3 - LOG.old
2025-10-08 12:20:41.920 [main] INFO  tema1.Ejercicio3.Ejercicio3 - LOCK
2025-10-08 12:20:41.920 [main] INFO  tema1.Ejercicio3.Ejercicio3 - LOG
2025-10-08 12:20:41.920 [main] INFO  tema1.Ejercicio3.Ejercicio3 - LOG.old
2025-10-08 12:20:41.920 [main] INFO  tema1.Ejercicio3.Ejercicio3 - BookmarkMergedSurfaceOrdering
2025-10-08 12:20:41.920 [main] INFO  tema1.Ejercicio3.Ejercicio3 - BrowsingTopicsSiteData
2025-10-08 12:20:41.920 [main] INFO  tema1.Ejercicio3.Ejercicio3 - BrowsingTopicsSiteData-journal
2025-10-08 12:20:41.920 [main] INFO  tema1.Ejercicio3.Ejercicio3 - BrowsingTopicsState
2025-10-08 12:20:41.921 [main] INFO  tema1.Ejercicio3.Ejercicio3 - LOCK
2025-10-08 12:20:41.921 [main] INFO  tema1.Ejercicio3.Ejercicio3 - LOG
2025-10-08 12:20:41.921 [main] INFO  tema1.Ejercicio3.Ejercicio3 - LOG.old
2025-10-08 12:20:41.921 [main] INFO  tema1.Ejercicio3.Ejercicio3 - LOCK
2025-10-08 12:20:41.921 [main] INFO  tema1.Ejercicio3.Ejercicio3 - LOG
2025-10-08 12:20:41.921 [main] INFO  tema1.Ejercicio3.Ejercicio3 - LOG.old
2025-10-08 12:20:41.922 [main] INFO  tema1.Ejercicio3.Ejercicio3 - index
2025-10-08 12:20:41.923 [main] INFO  tema1.Ejercicio3.Ejercicio3 - the-real-index
2025-10-08 12:20:41.923 [main] INFO  tema1.Ejercicio3.Ejercicio3 - index
2025-10-08 12:20:41.923 [main] INFO  tema1.Ejercicio3.Ejercicio3 - the-real-index
2025-10-08 12:20:41.923 [main] INFO  tema1.Ejercicio3.Ejercicio3 - LOCK
2025-10-08 12:20:41.923 [main] INFO  tema1.Ejercicio3.Ejercicio3 - LOG
2025-10-08 12:20:41.923 [main] INFO  tema1.Ejercicio3.Ejercicio3 - LOG.old
2025-10-08 12:20:41.923 [main] INFO  tema1.Ejercicio3.Ejercicio3 - DashTrackerDatabase
2025-10-08 12:20:41.923 [main] INFO  tema1.Ejercicio3.Ejercicio3 - DashTrackerDatabase-journal
2025-10-08 12:20:41.924 [main] INFO  tema1.Ejercicio3.Ejercicio3 - data_0
2025-10-08 12:20:41.924 [main] INFO  tema1.Ejercicio3.Ejercicio3 - data_1
2025-10-08 12:20:41.924 [main] INFO  tema1.Ejercicio3.Ejercicio3 - data_2
2025-10-08 12:20:41.924 [main] INFO  tema1.Ejercicio3.Ejercicio3 - data_3
2025-10-08 12:20:41.924 [main] INFO  tema1.Ejercicio3.Ejercicio3 - index
2025-10-08 12:20:41.924 [main] INFO  tema1.Ejercicio3.Ejercicio3 - data_0
2025-10-08 12:20:41.924 [main] INFO  tema1.Ejercicio3.Ejercicio3 - data_1
2025-10-08 12:20:41.924 [main] INFO  tema1.Ejercicio3.Ejercicio3 - data_2
2025-10-08 12:20:41.924 [main] INFO  tema1.Ejercicio3.Ejercicio3 - data_3
2025-10-08 12:20:41.924 [main] INFO  tema1.Ejercicio3.Ejercicio3 - index
2025-10-08 12:20:41.924 [main] INFO  tema1.Ejercicio3.Ejercicio3 - DIPS
2025-10-08 12:20:41.924 [main] INFO  tema1.Ejercicio3.Ejercicio3 - DIPS-wal
2025-10-08 12:20:41.925 [main] INFO  tema1.Ejercicio3.Ejercicio3 - LOCK
2025-10-08 12:20:41.925 [main] INFO  tema1.Ejercicio3.Ejercicio3 - LOG
2025-10-08 12:20:41.925 [main] INFO  tema1.Ejercicio3.Ejercicio3 - LOG.old
2025-10-08 12:20:41.925 [main] INFO  tema1.Ejercicio3.Ejercicio3 - LOCK
2025-10-08 12:20:41.925 [main] INFO  tema1.Ejercicio3.Ejercicio3 - LOG
2025-10-08 12:20:41.925 [main] INFO  tema1.Ejercicio3.Ejercicio3 - LOG.old
2025-10-08 12:20:41.925 [main] INFO  tema1.Ejercicio3.Ejercicio3 - LOCK
2025-10-08 12:20:41.925 [main] INFO  tema1.Ejercicio3.Ejercicio3 - LOG
2025-10-08 12:20:41.926 [main] INFO  tema1.Ejercicio3.Ejercicio3 - EdgeEDropSQLite.db
2025-10-08 12:20:41.926 [main] INFO  tema1.Ejercicio3.Ejercicio3 - EdgeEDropSQLite.db-journal
2025-10-08 12:20:41.926 [main] INFO  tema1.Ejercicio3.Ejercicio3 - 000003.log
2025-10-08 12:20:41.926 [main] INFO  tema1.Ejercicio3.Ejercicio3 - CURRENT
2025-10-08 12:20:41.926 [main] INFO  tema1.Ejercicio3.Ejercicio3 - LOCK
2025-10-08 12:20:41.926 [main] INFO  tema1.Ejercicio3.Ejercicio3 - LOG
2025-10-08 12:20:41.926 [main] INFO  tema1.Ejercicio3.Ejercicio3 - LOG.old
2025-10-08 12:20:41.926 [main] INFO  tema1.Ejercicio3.Ejercicio3 - MANIFEST-000001
2025-10-08 12:20:41.927 [main] INFO  tema1.Ejercicio3.Ejercicio3 - 000003.log
2025-10-08 12:20:41.927 [main] INFO  tema1.Ejercicio3.Ejercicio3 - CURRENT
2025-10-08 12:20:41.927 [main] INFO  tema1.Ejercicio3.Ejercicio3 - LOCK
2025-10-08 12:20:41.927 [main] INFO  tema1.Ejercicio3.Ejercicio3 - LOG
2025-10-08 12:20:41.927 [main] INFO  tema1.Ejercicio3.Ejercicio3 - LOG.old
2025-10-08 12:20:41.927 [main] INFO  tema1.Ejercicio3.Ejercicio3 - MANIFEST-000001
2025-10-08 12:20:41.927 [main] INFO  tema1.Ejercicio3.Ejercicio3 - 000003.log
2025-10-08 12:20:41.927 [main] INFO  tema1.Ejercicio3.Ejercicio3 - CURRENT
2025-10-08 12:20:41.927 [main] INFO  tema1.Ejercicio3.Ejercicio3 - LOCK
2025-10-08 12:20:41.927 [main] INFO  tema1.Ejercicio3.Ejercicio3 - LOG
2025-10-08 12:20:41.927 [main] INFO  tema1.Ejercicio3.Ejercicio3 - LOG.old
2025-10-08 12:20:41.927 [main] INFO  tema1.Ejercicio3.Ejercicio3 - MANIFEST-000001
2025-10-08 12:20:41.927 [main] INFO  tema1.Ejercicio3.Ejercicio3 - ExtensionActivityComp
2025-10-08 12:20:41.928 [main] INFO  tema1.Ejercicio3.Ejercicio3 - ExtensionActivityComp-journal
2025-10-08 12:20:41.928 [main] INFO  tema1.Ejercicio3.Ejercicio3 - ExtensionActivityEdge
2025-10-08 12:20:41.928 [main] INFO  tema1.Ejercicio3.Ejercicio3 - ExtensionActivityEdge-journal
2025-10-08 12:20:41.928 [main] INFO  tema1.Ejercicio3.Ejercicio3 - Favicons
2025-10-08 12:20:41.928 [main] INFO  tema1.Ejercicio3.Ejercicio3 - Favicons-journal
2025-10-08 12:20:41.928 [main] INFO  tema1.Ejercicio3.Ejercicio3 - favorites_diagnostic.log
2025-10-08 12:20:41.928 [main] INFO  tema1.Ejercicio3.Ejercicio3 - LOCK
2025-10-08 12:20:41.928 [main] INFO  tema1.Ejercicio3.Ejercicio3 - LOG
2025-10-08 12:20:41.928 [main] INFO  tema1.Ejercicio3.Ejercicio3 - LOG.old
2025-10-08 12:20:41.928 [main] INFO  tema1.Ejercicio3.Ejercicio3 - LOCK
2025-10-08 12:20:41.928 [main] INFO  tema1.Ejercicio3.Ejercicio3 - LOG
2025-10-08 12:20:41.928 [main] INFO  tema1.Ejercicio3.Ejercicio3 - LOG.old
2025-10-08 12:20:41.929 [main] INFO  tema1.Ejercicio3.Ejercicio3 - data_0
2025-10-08 12:20:41.929 [main] INFO  tema1.Ejercicio3.Ejercicio3 - data_1
2025-10-08 12:20:41.929 [main] INFO  tema1.Ejercicio3.Ejercicio3 - data_2
2025-10-08 12:20:41.929 [main] INFO  tema1.Ejercicio3.Ejercicio3 - data_3
2025-10-08 12:20:41.929 [main] INFO  tema1.Ejercicio3.Ejercicio3 - index
2025-10-08 12:20:41.929 [main] INFO  tema1.Ejercicio3.Ejercicio3 - heavy_ad_intervention_opt_out.db
2025-10-08 12:20:41.929 [main] INFO  tema1.Ejercicio3.Ejercicio3 - heavy_ad_intervention_opt_out.db-journal
2025-10-08 12:20:41.929 [main] INFO  tema1.Ejercicio3.Ejercicio3 - History
2025-10-08 12:20:41.929 [main] INFO  tema1.Ejercicio3.Ejercicio3 - History-journal
2025-10-08 12:20:41.929 [main] INFO  tema1.Ejercicio3.Ejercicio3 - 000003.log
2025-10-08 12:20:41.929 [main] INFO  tema1.Ejercicio3.Ejercicio3 - CURRENT
2025-10-08 12:20:41.929 [main] INFO  tema1.Ejercicio3.Ejercicio3 - LOCK
2025-10-08 12:20:41.929 [main] INFO  tema1.Ejercicio3.Ejercicio3 - LOG
2025-10-08 12:20:41.931 [main] INFO  tema1.Ejercicio3.Ejercicio3 - LOG.old
2025-10-08 12:20:41.931 [main] INFO  tema1.Ejercicio3.Ejercicio3 - MANIFEST-000001
2025-10-08 12:20:41.931 [main] INFO  tema1.Ejercicio3.Ejercicio3 - Login Data
2025-10-08 12:20:41.931 [main] INFO  tema1.Ejercicio3.Ejercicio3 - Login Data For Account
2025-10-08 12:20:41.931 [main] INFO  tema1.Ejercicio3.Ejercicio3 - Login Data For Account-journal
2025-10-08 12:20:41.931 [main] INFO  tema1.Ejercicio3.Ejercicio3 - Login Data-journal
2025-10-08 12:20:41.931 [main] INFO  tema1.Ejercicio3.Ejercicio3 - Cookies
2025-10-08 12:20:41.931 [main] INFO  tema1.Ejercicio3.Ejercicio3 - Cookies-journal
2025-10-08 12:20:41.931 [main] INFO  tema1.Ejercicio3.Ejercicio3 - Network Persistent State
2025-10-08 12:20:41.931 [main] INFO  tema1.Ejercicio3.Ejercicio3 - NetworkDataMigrated
2025-10-08 12:20:41.931 [main] INFO  tema1.Ejercicio3.Ejercicio3 - Reporting and NEL
2025-10-08 12:20:41.931 [main] INFO  tema1.Ejercicio3.Ejercicio3 - Reporting and NEL-journal
2025-10-08 12:20:41.931 [main] INFO  tema1.Ejercicio3.Ejercicio3 - SCT Auditing Pending Reports
2025-10-08 12:20:41.931 [main] INFO  tema1.Ejercicio3.Ejercicio3 - Sdch Dictionaries
2025-10-08 12:20:41.932 [main] INFO  tema1.Ejercicio3.Ejercicio3 - Trust Tokens
2025-10-08 12:20:41.932 [main] INFO  tema1.Ejercicio3.Ejercicio3 - Trust Tokens-journal
2025-10-08 12:20:41.932 [main] INFO  tema1.Ejercicio3.Ejercicio3 - Network Action Predictor
2025-10-08 12:20:41.932 [main] INFO  tema1.Ejercicio3.Ejercicio3 - Network Action Predictor-journal
2025-10-08 12:20:41.932 [main] INFO  tema1.Ejercicio3.Ejercicio3 - LOCK
2025-10-08 12:20:41.932 [main] INFO  tema1.Ejercicio3.Ejercicio3 - LOG
2025-10-08 12:20:41.932 [main] INFO  tema1.Ejercicio3.Ejercicio3 - LOG.old
2025-10-08 12:20:41.932 [main] INFO  tema1.Ejercicio3.Ejercicio3 - LOCK
2025-10-08 12:20:41.932 [main] INFO  tema1.Ejercicio3.Ejercicio3 - LOG
2025-10-08 12:20:41.932 [main] INFO  tema1.Ejercicio3.Ejercicio3 - LOG.old
2025-10-08 12:20:41.932 [main] INFO  tema1.Ejercicio3.Ejercicio3 - Preferences
2025-10-08 12:20:41.932 [main] INFO  tema1.Ejercicio3.Ejercicio3 - PreferredApps
2025-10-08 12:20:41.933 [main] INFO  tema1.Ejercicio3.Ejercicio3 - README
2025-10-08 12:20:41.933 [main] INFO  tema1.Ejercicio3.Ejercicio3 - NetworkDataMigrated
2025-10-08 12:20:41.933 [main] INFO  tema1.Ejercicio3.Ejercicio3 - Safe Browsing Cookies
2025-10-08 12:20:41.933 [main] INFO  tema1.Ejercicio3.Ejercicio3 - Safe Browsing Cookies-journal
2025-10-08 12:20:41.933 [main] INFO  tema1.Ejercicio3.Ejercicio3 - Secure Preferences
2025-10-08 12:20:41.933 [main] INFO  tema1.Ejercicio3.Ejercicio3 - ServerCertificate
2025-10-08 12:20:41.933 [main] INFO  tema1.Ejercicio3.Ejercicio3 - ServerCertificate-journal
2025-10-08 12:20:41.933 [main] INFO  tema1.Ejercicio3.Ejercicio3 - 000003.log
2025-10-08 12:20:41.933 [main] INFO  tema1.Ejercicio3.Ejercicio3 - CURRENT
2025-10-08 12:20:41.933 [main] INFO  tema1.Ejercicio3.Ejercicio3 - LOCK
2025-10-08 12:20:41.933 [main] INFO  tema1.Ejercicio3.Ejercicio3 - LOG
2025-10-08 12:20:41.934 [main] INFO  tema1.Ejercicio3.Ejercicio3 - LOG.old
2025-10-08 12:20:41.934 [main] INFO  tema1.Ejercicio3.Ejercicio3 - MANIFEST-000001
2025-10-08 12:20:41.934 [main] INFO  tema1.Ejercicio3.Ejercicio3 - index
2025-10-08 12:20:41.934 [main] INFO  tema1.Ejercicio3.Ejercicio3 - the-real-index
2025-10-08 12:20:41.934 [main] INFO  tema1.Ejercicio3.Ejercicio3 - db
2025-10-08 12:20:41.934 [main] INFO  tema1.Ejercicio3.Ejercicio3 - db-journal
2025-10-08 12:20:41.934 [main] INFO  tema1.Ejercicio3.Ejercicio3 - SharedStorage
2025-10-08 12:20:41.934 [main] INFO  tema1.Ejercicio3.Ejercicio3 - SharedStorage-wal
2025-10-08 12:20:41.935 [main] INFO  tema1.Ejercicio3.Ejercicio3 - 000003.log
2025-10-08 12:20:41.935 [main] INFO  tema1.Ejercicio3.Ejercicio3 - CURRENT
2025-10-08 12:20:41.935 [main] INFO  tema1.Ejercicio3.Ejercicio3 - LOCK
2025-10-08 12:20:41.935 [main] INFO  tema1.Ejercicio3.Ejercicio3 - LOG
2025-10-08 12:20:41.935 [main] INFO  tema1.Ejercicio3.Ejercicio3 - LOG.old
2025-10-08 12:20:41.935 [main] INFO  tema1.Ejercicio3.Ejercicio3 - MANIFEST-000001
2025-10-08 12:20:41.935 [main] INFO  tema1.Ejercicio3.Ejercicio3 - 000003.log
2025-10-08 12:20:41.935 [main] INFO  tema1.Ejercicio3.Ejercicio3 - CURRENT
2025-10-08 12:20:41.936 [main] INFO  tema1.Ejercicio3.Ejercicio3 - LOCK
2025-10-08 12:20:41.936 [main] INFO  tema1.Ejercicio3.Ejercicio3 - LOG
2025-10-08 12:20:41.936 [main] INFO  tema1.Ejercicio3.Ejercicio3 - LOG.old
2025-10-08 12:20:41.936 [main] INFO  tema1.Ejercicio3.Ejercicio3 - MANIFEST-000001
2025-10-08 12:20:41.936 [main] INFO  tema1.Ejercicio3.Ejercicio3 - 000003.log
2025-10-08 12:20:41.936 [main] INFO  tema1.Ejercicio3.Ejercicio3 - CURRENT
2025-10-08 12:20:41.936 [main] INFO  tema1.Ejercicio3.Ejercicio3 - LOCK
2025-10-08 12:20:41.936 [main] INFO  tema1.Ejercicio3.Ejercicio3 - LOG
2025-10-08 12:20:41.936 [main] INFO  tema1.Ejercicio3.Ejercicio3 - LOG.old
2025-10-08 12:20:41.937 [main] INFO  tema1.Ejercicio3.Ejercicio3 - MANIFEST-000001
2025-10-08 12:20:41.937 [main] INFO  tema1.Ejercicio3.Ejercicio3 - MANIFEST-000001
2025-10-08 12:20:41.937 [main] INFO  tema1.Ejercicio3.Ejercicio3 - 000003.log
2025-10-08 12:20:41.937 [main] INFO  tema1.Ejercicio3.Ejercicio3 - CURRENT
2025-10-08 12:20:41.937 [main] INFO  tema1.Ejercicio3.Ejercicio3 - LOCK
2025-10-08 12:20:41.937 [main] INFO  tema1.Ejercicio3.Ejercicio3 - LOG
2025-10-08 12:20:41.937 [main] INFO  tema1.Ejercicio3.Ejercicio3 - LOG.old
2025-10-08 12:20:41.937 [main] INFO  tema1.Ejercicio3.Ejercicio3 - MANIFEST-000001
2025-10-08 12:20:41.937 [main] INFO  tema1.Ejercicio3.Ejercicio3 - Top Sites
2025-10-08 12:20:41.937 [main] INFO  tema1.Ejercicio3.Ejercicio3 - Top Sites-journal
2025-10-08 12:20:41.938 [main] INFO  tema1.Ejercicio3.Ejercicio3 - Vpn Tokens
2025-10-08 12:20:41.938 [main] INFO  tema1.Ejercicio3.Ejercicio3 - Vpn Tokens-journal
2025-10-08 12:20:41.938 [main] INFO  tema1.Ejercicio3.Ejercicio3 - Web Data
2025-10-08 12:20:41.938 [main] INFO  tema1.Ejercicio3.Ejercicio3 - Web Data-journal
2025-10-08 12:20:41.938 [main] INFO  tema1.Ejercicio3.Ejercicio3 - domain_actions.dll
2025-10-08 12:20:41.938 [main] INFO  tema1.Ejercicio3.Ejercicio3 - manifest.json
2025-10-08 12:20:41.938 [main] INFO  tema1.Ejercicio3.Ejercicio3 - metadata.json
2025-10-08 12:20:41.938 [main] INFO  tema1.Ejercicio3.Ejercicio3 - data_0
2025-10-08 12:20:41.938 [main] INFO  tema1.Ejercicio3.Ejercicio3 - data_1
2025-10-08 12:20:41.938 [main] INFO  tema1.Ejercicio3.Ejercicio3 - data_2
2025-10-08 12:20:41.938 [main] INFO  tema1.Ejercicio3.Ejercicio3 - data_3
2025-10-08 12:20:41.939 [main] INFO  tema1.Ejercicio3.Ejercicio3 - index
2025-10-08 12:20:41.939 [main] INFO  tema1.Ejercicio3.Ejercicio3 - data_0
2025-10-08 12:20:41.939 [main] INFO  tema1.Ejercicio3.Ejercicio3 - data_1
2025-10-08 12:20:41.939 [main] INFO  tema1.Ejercicio3.Ejercicio3 - data_2
2025-10-08 12:20:41.939 [main] INFO  tema1.Ejercicio3.Ejercicio3 - data_3
2025-10-08 12:20:41.939 [main] INFO  tema1.Ejercicio3.Ejercicio3 - f_000001
2025-10-08 12:20:41.939 [main] INFO  tema1.Ejercicio3.Ejercicio3 - index
2025-10-08 12:20:41.939 [main] INFO  tema1.Ejercicio3.Ejercicio3 - hyph-af.hyb
2025-10-08 12:20:41.939 [main] INFO  tema1.Ejercicio3.Ejercicio3 - hyph-as.hyb
2025-10-08 12:20:41.939 [main] INFO  tema1.Ejercicio3.Ejercicio3 - hyph-be.hyb
2025-10-08 12:20:41.939 [main] INFO  tema1.Ejercicio3.Ejercicio3 - hyph-bg.hyb
2025-10-08 12:20:41.939 [main] INFO  tema1.Ejercicio3.Ejercicio3 - hyph-bn.hyb
2025-10-08 12:20:41.941 [main] INFO  tema1.Ejercicio3.Ejercicio3 - hyph-cs.hyb
2025-10-08 12:20:41.941 [main] INFO  tema1.Ejercicio3.Ejercicio3 - hyph-cu.hyb
2025-10-08 12:20:41.941 [main] INFO  tema1.Ejercicio3.Ejercicio3 - hyph-cy.hyb
2025-10-08 12:20:41.941 [main] INFO  tema1.Ejercicio3.Ejercicio3 - hyph-da.hyb
2025-10-08 12:20:41.941 [main] INFO  tema1.Ejercicio3.Ejercicio3 - hyph-de-1901.hyb
2025-10-08 12:20:41.941 [main] INFO  tema1.Ejercicio3.Ejercicio3 - hyph-de-1996.hyb
2025-10-08 12:20:41.941 [main] INFO  tema1.Ejercicio3.Ejercicio3 - hyph-de-ch-1901.hyb
2025-10-08 12:20:41.941 [main] INFO  tema1.Ejercicio3.Ejercicio3 - hyph-el.hyb
2025-10-08 12:20:41.941 [main] INFO  tema1.Ejercicio3.Ejercicio3 - hyph-en-gb.hyb
2025-10-08 12:20:41.942 [main] INFO  tema1.Ejercicio3.Ejercicio3 - hyph-en-us.hyb
2025-10-08 12:20:41.942 [main] INFO  tema1.Ejercicio3.Ejercicio3 - hyph-es.hyb
2025-10-08 12:20:41.942 [main] INFO  tema1.Ejercicio3.Ejercicio3 - hyph-et.hyb
2025-10-08 12:20:41.942 [main] INFO  tema1.Ejercicio3.Ejercicio3 - hyph-eu.hyb
2025-10-08 12:20:41.942 [main] INFO  tema1.Ejercicio3.Ejercicio3 - hyph-fr.hyb
2025-10-08 12:20:41.942 [main] INFO  tema1.Ejercicio3.Ejercicio3 - hyph-ga.hyb
2025-10-08 12:20:41.942 [main] INFO  tema1.Ejercicio3.Ejercicio3 - hyph-gl.hyb
2025-10-08 12:20:41.942 [main] INFO  tema1.Ejercicio3.Ejercicio3 - hyph-gu.hyb
2025-10-08 12:20:41.942 [main] INFO  tema1.Ejercicio3.Ejercicio3 - hyph-hi.hyb
2025-10-08 12:20:41.943 [main] INFO  tema1.Ejercicio3.Ejercicio3 - hyph-hr.hyb
2025-10-08 12:20:41.943 [main] INFO  tema1.Ejercicio3.Ejercicio3 - hyph-hu.hyb
2025-10-08 12:20:41.943 [main] INFO  tema1.Ejercicio3.Ejercicio3 - hyph-hy.hyb
2025-10-08 12:20:41.943 [main] INFO  tema1.Ejercicio3.Ejercicio3 - hyph-it.hyb
2025-10-08 12:20:41.943 [main] INFO  tema1.Ejercicio3.Ejercicio3 - hyph-ka.hyb
2025-10-08 12:20:41.943 [main] INFO  tema1.Ejercicio3.Ejercicio3 - hyph-kn.hyb
2025-10-08 12:20:41.943 [main] INFO  tema1.Ejercicio3.Ejercicio3 - hyph-la.hyb
2025-10-08 12:20:41.943 [main] INFO  tema1.Ejercicio3.Ejercicio3 - hyph-lt.hyb
2025-10-08 12:20:41.943 [main] INFO  tema1.Ejercicio3.Ejercicio3 - hyph-lv.hyb
2025-10-08 12:20:41.943 [main] INFO  tema1.Ejercicio3.Ejercicio3 - hyph-ml.hyb
2025-10-08 12:20:41.944 [main] INFO  tema1.Ejercicio3.Ejercicio3 - hyph-mn-cyrl.hyb
2025-10-08 12:20:41.944 [main] INFO  tema1.Ejercicio3.Ejercicio3 - hyph-mr.hyb
2025-10-08 12:20:41.944 [main] INFO  tema1.Ejercicio3.Ejercicio3 - hyph-mul-ethi.hyb
2025-10-08 12:20:41.944 [main] INFO  tema1.Ejercicio3.Ejercicio3 - hyph-nb.hyb
2025-10-08 12:20:41.944 [main] INFO  tema1.Ejercicio3.Ejercicio3 - hyph-nl.hyb
2025-10-08 12:20:41.944 [main] INFO  tema1.Ejercicio3.Ejercicio3 - hyph-nn.hyb
2025-10-08 12:20:41.944 [main] INFO  tema1.Ejercicio3.Ejercicio3 - hyph-or.hyb
2025-10-08 12:20:41.944 [main] INFO  tema1.Ejercicio3.Ejercicio3 - hyph-pa.hyb
2025-10-08 12:20:41.944 [main] INFO  tema1.Ejercicio3.Ejercicio3 - hyph-pt.hyb
2025-10-08 12:20:41.944 [main] INFO  tema1.Ejercicio3.Ejercicio3 - hyph-ru.hyb
2025-10-08 12:20:41.944 [main] INFO  tema1.Ejercicio3.Ejercicio3 - hyph-sk.hyb
2025-10-08 12:20:41.944 [main] INFO  tema1.Ejercicio3.Ejercicio3 - hyph-sl.hyb
2025-10-08 12:20:41.944 [main] INFO  tema1.Ejercicio3.Ejercicio3 - hyph-sq.hyb
2025-10-08 12:20:41.944 [main] INFO  tema1.Ejercicio3.Ejercicio3 - hyph-sv.hyb
2025-10-08 12:20:41.945 [main] INFO  tema1.Ejercicio3.Ejercicio3 - hyph-ta.hyb
2025-10-08 12:20:41.945 [main] INFO  tema1.Ejercicio3.Ejercicio3 - hyph-te.hyb
2025-10-08 12:20:41.945 [main] INFO  tema1.Ejercicio3.Ejercicio3 - hyph-tk.hyb
2025-10-08 12:20:41.945 [main] INFO  tema1.Ejercicio3.Ejercicio3 - hyph-uk.hyb
2025-10-08 12:20:41.945 [main] INFO  tema1.Ejercicio3.Ejercicio3 - hyph-und-ethi.hyb
2025-10-08 12:20:41.945 [main] INFO  tema1.Ejercicio3.Ejercicio3 - manifest.json
2025-10-08 12:20:41.945 [main] INFO  tema1.Ejercicio3.Ejercicio3 - verified_contents.json
2025-10-08 12:20:41.945 [main] INFO  tema1.Ejercicio3.Ejercicio3 - Last Version
2025-10-08 12:20:41.945 [main] INFO  tema1.Ejercicio3.Ejercicio3 - Local State
2025-10-08 12:20:41.945 [main] INFO  tema1.Ejercicio3.Ejercicio3 - lockfile
2025-10-08 12:20:41.946 [main] INFO  tema1.Ejercicio3.Ejercicio3 - manifest.json
2025-10-08 12:20:41.946 [main] INFO  tema1.Ejercicio3.Ejercicio3 - crs.pb
2025-10-08 12:20:41.946 [main] INFO  tema1.Ejercicio3.Ejercicio3 - ct_config.pb
2025-10-08 12:20:41.946 [main] INFO  tema1.Ejercicio3.Ejercicio3 - kp_pinslist.pb
2025-10-08 12:20:41.946 [main] INFO  tema1.Ejercicio3.Ejercicio3 - manifest.json
2025-10-08 12:20:41.946 [main] INFO  tema1.Ejercicio3.Ejercicio3 - RevisitationBloomfilter
2025-10-08 12:20:41.946 [main] INFO  tema1.Ejercicio3.Ejercicio3 - data_0
2025-10-08 12:20:41.946 [main] INFO  tema1.Ejercicio3.Ejercicio3 - data_1
2025-10-08 12:20:41.946 [main] INFO  tema1.Ejercicio3.Ejercicio3 - data_2
2025-10-08 12:20:41.946 [main] INFO  tema1.Ejercicio3.Ejercicio3 - data_3
2025-10-08 12:20:41.947 [main] INFO  tema1.Ejercicio3.Ejercicio3 - index
2025-10-08 12:20:41.947 [main] INFO  tema1.Ejercicio3.Ejercicio3 - customSettings
2025-10-08 12:20:41.947 [main] INFO  tema1.Ejercicio3.Ejercicio3 - customSettings_F95BA787499AB4FA9EFFF472CE383A14
2025-10-08 12:20:41.947 [main] INFO  tema1.Ejercicio3.Ejercicio3 - edgeSettings
2025-10-08 12:20:41.947 [main] INFO  tema1.Ejercicio3.Ejercicio3 - edgeSettings_2.0-0
2025-10-08 12:20:41.947 [main] INFO  tema1.Ejercicio3.Ejercicio3 - manifest.json
2025-10-08 12:20:41.947 [main] INFO  tema1.Ejercicio3.Ejercicio3 - Microsoft.CognitiveServices.Speech.core.dll
2025-10-08 12:20:41.948 [main] INFO  tema1.Ejercicio3.Ejercicio3 - LICENSE
2025-10-08 12:20:41.948 [main] INFO  tema1.Ejercicio3.Ejercicio3 - Ruleset Data
2025-10-08 12:20:41.948 [main] INFO  tema1.Ejercicio3.Ejercicio3 - adblock_snippet.js
2025-10-08 12:20:41.948 [main] INFO  tema1.Ejercicio3.Ejercicio3 - Filtering Rules
2025-10-08 12:20:41.948 [main] INFO  tema1.Ejercicio3.Ejercicio3 - Filtering Rules-AA
2025-10-08 12:20:41.948 [main] INFO  tema1.Ejercicio3.Ejercicio3 - Filtering Rules-CA
2025-10-08 12:20:41.949 [main] INFO  tema1.Ejercicio3.Ejercicio3 - LICENSE
2025-10-08 12:20:41.949 [main] INFO  tema1.Ejercicio3.Ejercicio3 - manifest.json
2025-10-08 12:20:41.949 [main] INFO  tema1.Ejercicio3.Ejercicio3 - Part-DE
2025-10-08 12:20:41.949 [main] INFO  tema1.Ejercicio3.Ejercicio3 - Part-ES
2025-10-08 12:20:41.949 [main] INFO  tema1.Ejercicio3.Ejercicio3 - Part-FR
2025-10-08 12:20:41.949 [main] INFO  tema1.Ejercicio3.Ejercicio3 - Part-IT
2025-10-08 12:20:41.949 [main] INFO  tema1.Ejercicio3.Ejercicio3 - Part-NL
2025-10-08 12:20:41.949 [main] INFO  tema1.Ejercicio3.Ejercicio3 - Part-RU
2025-10-08 12:20:41.949 [main] INFO  tema1.Ejercicio3.Ejercicio3 - Part-ZH
2025-10-08 12:20:41.949 [main] INFO  tema1.Ejercicio3.Ejercicio3 - keys.json
2025-10-08 12:20:41.951 [main] INFO  tema1.Ejercicio3.Ejercicio3 - LICENSE
2025-10-08 12:20:41.951 [main] INFO  tema1.Ejercicio3.Ejercicio3 - manifest.json
2025-10-08 12:20:41.951 [main] INFO  tema1.Ejercicio3.Ejercicio3 - verified_contents.json
2025-10-08 12:20:41.951 [main] INFO  tema1.Ejercicio3.Ejercicio3 - Variations
2025-10-08 12:20:41.952 [main] INFO  tema1.Ejercicio3.Ejercicio3 - english_wikipedia.txt
2025-10-08 12:20:41.952 [main] INFO  tema1.Ejercicio3.Ejercicio3 - female_names.txt
2025-10-08 12:20:41.952 [main] INFO  tema1.Ejercicio3.Ejercicio3 - male_names.txt
2025-10-08 12:20:41.952 [main] INFO  tema1.Ejercicio3.Ejercicio3 - manifest.json
2025-10-08 12:20:41.952 [main] INFO  tema1.Ejercicio3.Ejercicio3 - passwords.txt
2025-10-08 12:20:41.952 [main] INFO  tema1.Ejercicio3.Ejercicio3 - ranked_dicts
2025-10-08 12:20:41.952 [main] INFO  tema1.Ejercicio3.Ejercicio3 - surnames.txt
2025-10-08 12:20:41.952 [main] INFO  tema1.Ejercicio3.Ejercicio3 - test.txt
2025-10-08 12:20:41.953 [main] INFO  tema1.Ejercicio3.Ejercicio3 - us_tv_and_film.txt
2025-10-08 12:20:41.953 [main] INFO  tema1.Ejercicio3.Ejercicio3 - dialog_settings.xml
2025-10-08 12:20:41.953 [main] INFO  tema1.Ejercicio3.Ejercicio3 - data.properties
2025-10-08 12:20:41.953 [main] INFO  tema1.Ejercicio3.Ejercicio3 - dialog_settings.xml
2025-10-08 12:20:41.953 [main] INFO  tema1.Ejercicio3.Ejercicio3 - dialog_settings.xml
2025-10-08 12:20:41.953 [main] INFO  tema1.Ejercicio3.Ejercicio3 - workingsets.xml
2025-10-08 12:20:41.953 [main] INFO  tema1.Ejercicio3.Ejercicio3 - dialog_settings.xml
2025-10-08 12:20:41.954 [main] INFO  tema1.Ejercicio3.Ejercicio3 - task-tags.properties
2025-10-08 12:20:41.954 [main] INFO  tema1.Ejercicio3.Ejercicio3 - version.ini
2025-10-08 12:20:41.955 [main] INFO  tema1.Ejercicio3.Ejercicio3 - .classpath
2025-10-08 12:20:41.955 [main] INFO  tema1.Ejercicio3.Ejercicio3 - .lock
2025-10-08 12:20:41.955 [main] INFO  tema1.Ejercicio3.Ejercicio3 - .lock_info
2025-10-08 12:20:41.955 [main] INFO  tema1.Ejercicio3.Ejercicio3 - .log
2025-10-08 12:20:41.955 [main] INFO  tema1.Ejercicio3.Ejercicio3 - .tasks.xml.zip
2025-10-08 12:20:41.955 [main] INFO  tema1.Ejercicio3.Ejercicio3 - repositories.xml.zip
2025-10-08 12:20:41.955 [main] INFO  tema1.Ejercicio3.Ejercicio3 - tasks.xml.zip
2025-10-08 12:20:41.956 [main] INFO  tema1.Ejercicio3.Ejercicio3 - versions.json
2025-10-08 12:20:41.956 [main] INFO  tema1.Ejercicio3.Ejercicio3 - .location
2025-10-08 12:20:41.956 [main] INFO  tema1.Ejercicio3.Ejercicio3 - history.version
2025-10-08 12:20:41.956 [main] INFO  tema1.Ejercicio3.Ejercicio3 - properties.index
2025-10-08 12:20:41.956 [main] INFO  tema1.Ejercicio3.Ejercicio3 - properties.version
2025-10-08 12:20:41.956 [main] INFO  tema1.Ejercicio3.Ejercicio3 - 2.tree
2025-10-08 12:20:41.957 [main] INFO  tema1.Ejercicio3.Ejercicio3 - org.eclipse.core.resources
2025-10-08 12:20:41.957 [main] INFO  tema1.Ejercicio3.Ejercicio3 - Docker.prefs
2025-10-08 12:20:41.957 [main] INFO  tema1.Ejercicio3.Ejercicio3 - org.eclipse.ant.ui.prefs
2025-10-08 12:20:41.957 [main] INFO  tema1.Ejercicio3.Ejercicio3 - org.eclipse.core.resources.prefs
2025-10-08 12:20:41.957 [main] INFO  tema1.Ejercicio3.Ejercicio3 - org.eclipse.debug.ui.prefs
2025-10-08 12:20:41.957 [main] INFO  tema1.Ejercicio3.Ejercicio3 - org.eclipse.egit.core.prefs
2025-10-08 12:20:41.958 [main] INFO  tema1.Ejercicio3.Ejercicio3 - org.eclipse.jdt.ui.prefs
2025-10-08 12:20:41.958 [main] INFO  tema1.Ejercicio3.Ejercicio3 - org.eclipse.jsch.core.prefs
2025-10-08 12:20:41.958 [main] INFO  tema1.Ejercicio3.Ejercicio3 - org.eclipse.m2e.apt.prefs
2025-10-08 12:20:41.958 [main] INFO  tema1.Ejercicio3.Ejercicio3 - org.eclipse.m2e.discovery.prefs
2025-10-08 12:20:41.958 [main] INFO  tema1.Ejercicio3.Ejercicio3 - org.eclipse.mylyn.context.core.prefs
2025-10-08 12:20:41.958 [main] INFO  tema1.Ejercicio3.Ejercicio3 - org.eclipse.mylyn.monitor.ui.prefs
2025-10-08 12:20:41.958 [main] INFO  tema1.Ejercicio3.Ejercicio3 - org.eclipse.mylyn.tasks.ui.prefs
2025-10-08 12:20:41.958 [main] INFO  tema1.Ejercicio3.Ejercicio3 - org.eclipse.ui.editors.prefs
2025-10-08 12:20:41.959 [main] INFO  tema1.Ejercicio3.Ejercicio3 - org.eclipse.ui.ide.prefs
2025-10-08 12:20:41.959 [main] INFO  tema1.Ejercicio3.Ejercicio3 - org.eclipse.ui.workbench.prefs
2025-10-08 12:20:41.959 [main] INFO  tema1.Ejercicio3.Ejercicio3 - org.eclipse.wst.sse.ui.prefs
2025-10-08 12:20:41.959 [main] INFO  tema1.Ejercicio3.Ejercicio3 - org.springframework.ide.eclipse.boot.dash.prefs
2025-10-08 12:20:41.959 [main] INFO  tema1.Ejercicio3.Ejercicio3 - org.springframework.ide.eclipse.imports.prefs
2025-10-08 12:20:41.959 [main] INFO  tema1.Ejercicio3.Ejercicio3 - org.springsource.ide.eclipse.commons.ui.prefs
2025-10-08 12:20:41.959 [main] INFO  tema1.Ejercicio3.Ejercicio3 - workbench.xmi
2025-10-08 12:20:41.960 [main] INFO  tema1.Ejercicio3.Ejercicio3 - .project
2025-10-08 12:20:41.960 [main] INFO  tema1.Ejercicio3.Ejercicio3 - org.eclipse.core.resources.prefs
2025-10-08 12:20:41.960 [main] INFO  tema1.Ejercicio3.Ejercicio3 - assumedExternalFilesCache
2025-10-08 12:20:41.960 [main] INFO  tema1.Ejercicio3.Ejercicio3 - externalFilesCache
2025-10-08 12:20:41.960 [main] INFO  tema1.Ejercicio3.Ejercicio3 - javaLikeNames.txt
2025-10-08 12:20:41.960 [main] INFO  tema1.Ejercicio3.Ejercicio3 - nonChainingJarsCache
2025-10-08 12:20:41.960 [main] INFO  tema1.Ejercicio3.Ejercicio3 - variablesAndContainers.dat
2025-10-08 12:20:41.961 [main] INFO  tema1.Ejercicio3.Ejercicio3 - dialog_settings.xml
2025-10-08 12:20:41.961 [main] INFO  tema1.Ejercicio3.Ejercicio3 - OpenTypeHistory.xml
2025-10-08 12:20:41.961 [main] INFO  tema1.Ejercicio3.Ejercicio3 - QualifiedTypeNameHistory.xml
2025-10-08 12:20:41.961 [main] INFO  tema1.Ejercicio3.Ejercicio3 - workspaceState.ser
2025-10-08 12:20:41.961 [main] INFO  tema1.Ejercicio3.Ejercicio3 - dialog_settings.xml
2025-10-08 12:20:41.961 [main] INFO  tema1.Ejercicio3.Ejercicio3 - 0.log
2025-10-08 12:20:41.961 [main] INFO  tema1.Ejercicio3.Ejercicio3 - logback.2.7.100.20250418-1315.xml
2025-10-08 12:20:41.961 [main] INFO  tema1.Ejercicio3.Ejercicio3 - clean-cache.properties
2025-10-08 12:20:41.961 [main] INFO  tema1.Ejercicio3.Ejercicio3 - dialog_settings.xml
2025-10-08 12:20:41.961 [main] INFO  tema1.Ejercicio3.Ejercicio3 - dialog_settings.xml
2025-10-08 12:20:41.962 [main] INFO  tema1.Ejercicio3.Ejercicio3 - dialog_settings.xml
2025-10-08 12:20:41.962 [main] INFO  tema1.Ejercicio3.Ejercicio3 - workingsets.xml
2025-10-08 12:20:41.962 [main] INFO  tema1.Ejercicio3.Ejercicio3 - version.ini
2025-10-08 12:20:41.962 [main] INFO  tema1.Ejercicio3.Ejercicio3 - .project
2025-10-08 12:20:41.962 [main] INFO  tema1.Ejercicio3.Ejercicio3 - org.eclipse.jdt.apt.core.prefs
2025-10-08 12:20:41.962 [main] INFO  tema1.Ejercicio3.Ejercicio3 - org.eclipse.jdt.core.prefs
2025-10-08 12:20:41.962 [main] INFO  tema1.Ejercicio3.Ejercicio3 - org.eclipse.m2e.core.prefs
2025-10-08 12:20:41.962 [main] INFO  tema1.Ejercicio3.Ejercicio3 - application-20250930.log
2025-10-08 12:20:41.962 [main] INFO  tema1.Ejercicio3.Ejercicio3 - application-20251007.log
2025-10-08 12:20:41.962 [main] INFO  tema1.Ejercicio3.Ejercicio3 - application-20251008.log
2025-10-08 12:20:41.962 [main] INFO  tema1.Ejercicio3.Ejercicio3 - pom.xml
2025-10-08 12:20:41.963 [main] INFO  tema1.Ejercicio3.Ejercicio3 - ControllerLibreria.java
2025-10-08 12:20:41.963 [main] INFO  tema1.Ejercicio3.Ejercicio3 - ProbandoLog.java
2025-10-08 12:20:41.963 [main] INFO  tema1.Ejercicio3.Ejercicio3 - CompararNumLibros.java
2025-10-08 12:20:41.963 [main] INFO  tema1.Ejercicio3.Ejercicio3 - Editorial.java
2025-10-08 12:20:41.963 [main] INFO  tema1.Ejercicio3.Ejercicio3 - Genero.java
2025-10-08 12:20:41.963 [main] INFO  tema1.Ejercicio3.Ejercicio3 - LibreriaException.java
2025-10-08 12:20:41.963 [main] INFO  tema1.Ejercicio3.Ejercicio3 - Libro.java
2025-10-08 12:20:41.963 [main] INFO  tema1.Ejercicio3.Ejercicio3 - EditorialRepository.java
2025-10-08 12:20:41.963 [main] INFO  tema1.Ejercicio3.Ejercicio3 - LibroRepository.java
2025-10-08 12:20:41.964 [main] INFO  tema1.Ejercicio3.Ejercicio3 - EditorialService.java
2025-10-08 12:20:41.964 [main] INFO  tema1.Ejercicio3.Ejercicio3 - LibroService.java
2025-10-08 12:20:41.964 [main] INFO  tema1.Ejercicio3.Ejercicio3 - GestionaPeticionesAChat.java
2025-10-08 12:20:41.964 [main] INFO  tema1.Ejercicio3.Ejercicio3 - Conversacion.java
2025-10-08 12:20:41.964 [main] INFO  tema1.Ejercicio3.Ejercicio3 - TipoAgente.java
2025-10-08 12:20:41.964 [main] INFO  tema1.Ejercicio3.Ejercicio3 - IRepositorioConversaciones.java
2025-10-08 12:20:41.964 [main] INFO  tema1.Ejercicio3.Ejercicio3 - RepositorioConversaciones.java
2025-10-08 12:20:41.964 [main] INFO  tema1.Ejercicio3.Ejercicio3 - IServicioConversaciones.java
2025-10-08 12:20:41.964 [main] INFO  tema1.Ejercicio3.Ejercicio3 - ServicioConversaciones.java
2025-10-08 12:20:41.965 [main] INFO  tema1.Ejercicio3.Ejercicio3 - ConversacionException.java
2025-10-08 12:20:41.965 [main] INFO  tema1.Ejercicio3.Ejercicio3 - Ejemplo.java
2025-10-08 12:20:41.965 [main] INFO  tema1.Ejercicio3.Ejercicio3 - Ejercicio1.java
2025-10-08 12:20:41.965 [main] INFO  tema1.Ejercicio3.Ejercicio3 - Ejercicio2.java
2025-10-08 12:20:41.965 [main] INFO  tema1.Ejercicio3.Ejercicio3 - Ejercicio3.java
2025-10-08 12:20:41.965 [main] INFO  tema1.Ejercicio3.Ejercicio3 - Ejercicio4.java
2025-10-08 12:20:41.965 [main] INFO  tema1.Ejercicio3.Ejercicio3 - log4j2.xml
2025-10-08 12:20:41.966 [main] INFO  tema1.Ejercicio3.Ejercicio3 - ControllerLibreria.class
2025-10-08 12:20:41.966 [main] INFO  tema1.Ejercicio3.Ejercicio3 - ProbandoLog.class
2025-10-08 12:20:41.966 [main] INFO  tema1.Ejercicio3.Ejercicio3 - CompararNumLibros.class
2025-10-08 12:20:41.966 [main] INFO  tema1.Ejercicio3.Ejercicio3 - Editorial.class
2025-10-08 12:20:41.966 [main] INFO  tema1.Ejercicio3.Ejercicio3 - Genero.class
2025-10-08 12:20:41.966 [main] INFO  tema1.Ejercicio3.Ejercicio3 - LibreriaException.class
2025-10-08 12:20:41.966 [main] INFO  tema1.Ejercicio3.Ejercicio3 - Libro.class
2025-10-08 12:20:41.967 [main] INFO  tema1.Ejercicio3.Ejercicio3 - EditorialRepository.class
2025-10-08 12:20:41.967 [main] INFO  tema1.Ejercicio3.Ejercicio3 - LibroRepository.class
2025-10-08 12:20:41.967 [main] INFO  tema1.Ejercicio3.Ejercicio3 - EditorialService.class
2025-10-08 12:20:41.967 [main] INFO  tema1.Ejercicio3.Ejercicio3 - LibroService.class
2025-10-08 12:20:41.967 [main] INFO  tema1.Ejercicio3.Ejercicio3 - GestionaPeticionesAChat.class
2025-10-08 12:20:41.967 [main] INFO  tema1.Ejercicio3.Ejercicio3 - Conversacion.class
2025-10-08 12:20:41.967 [main] INFO  tema1.Ejercicio3.Ejercicio3 - TipoAgente.class
2025-10-08 12:20:41.967 [main] INFO  tema1.Ejercicio3.Ejercicio3 - IRepositorioConversaciones.class
2025-10-08 12:20:41.967 [main] INFO  tema1.Ejercicio3.Ejercicio3 - RepositorioConversaciones.class
2025-10-08 12:20:41.968 [main] INFO  tema1.Ejercicio3.Ejercicio3 - IServicioConversaciones.class
2025-10-08 12:20:41.968 [main] INFO  tema1.Ejercicio3.Ejercicio3 - ServicioConversaciones.class
2025-10-08 12:20:41.968 [main] INFO  tema1.Ejercicio3.Ejercicio3 - ConversacionException.class
2025-10-08 12:20:41.968 [main] INFO  tema1.Ejercicio3.Ejercicio3 - log4j2.xml
2025-10-08 12:20:41.968 [main] INFO  tema1.Ejercicio3.Ejercicio3 - MANIFEST.MF
2025-10-08 12:20:41.968 [main] INFO  tema1.Ejercicio3.Ejercicio3 - pom.properties
2025-10-08 12:20:41.968 [main] INFO  tema1.Ejercicio3.Ejercicio3 - pom.xml
2025-10-08 12:20:41.969 [main] INFO  tema1.Ejercicio3.Ejercicio3 - Ejemplo.class
2025-10-08 12:20:41.969 [main] INFO  tema1.Ejercicio3.Ejercicio3 - Ejercicio1.class
2025-10-08 12:20:41.969 [main] INFO  tema1.Ejercicio3.Ejercicio3 - Ejercicio2.class
2025-10-08 12:20:41.969 [main] INFO  tema1.Ejercicio3.Ejercicio3 - Ejercicio3.class
2025-10-08 12:20:41.969 [main] INFO  tema1.Ejercicio3.Ejercicio3 - Ejercicio4.class
2025-10-08 12:20:41.969 [main] INFO  tema1.Ejercicio3.Ejercicio3 - fichero.txt
2025-10-08 12:20:41.969 [main] INFO  tema1.Ejercicio3.Ejercicio3 - fichero1Ejercicio2.txt
2025-10-08 12:20:41.969 [main] INFO  tema1.Ejercicio3.Ejercicio3 - fichero2Ejercicio2.txt
2025-10-08 12:20:41.969 [main] INFO  tema1.Ejercicio3.Ejercicio3 - .classpath
2025-10-08 12:20:41.969 [main] INFO  tema1.Ejercicio3.Ejercicio3 - .project
2025-10-08 12:20:41.969 [main] INFO  tema1.Ejercicio3.Ejercicio3 - org.eclipse.core.resources.prefs
2025-10-08 12:20:41.969 [main] INFO  tema1.Ejercicio3.Ejercicio3 - org.eclipse.jdt.core.prefs
2025-10-08 12:20:41.969 [main] INFO  tema1.Ejercicio3.Ejercicio3 - controlar.class
2025-10-08 12:20:41.971 [main] INFO  tema1.Ejercicio3.Ejercicio3 - Canal.class
2025-10-08 12:20:41.971 [main] INFO  tema1.Ejercicio3.Ejercicio3 - Retransmision.class
2025-10-08 12:20:41.971 [main] INFO  tema1.Ejercicio3.Ejercicio3 - Usuario.class
2025-10-08 12:20:41.971 [main] INFO  tema1.Ejercicio3.Ejercicio3 - module-info.class
2025-10-08 12:20:41.971 [main] INFO  tema1.Ejercicio3.Ejercicio3 - CanalRepository.class
2025-10-08 12:20:41.971 [main] INFO  tema1.Ejercicio3.Ejercicio3 - RetransmisionRepository.class
2025-10-08 12:20:41.971 [main] INFO  tema1.Ejercicio3.Ejercicio3 - UsuarioRepository.class
2025-10-08 12:20:41.971 [main] INFO  tema1.Ejercicio3.Ejercicio3 - CanalService.class
2025-10-08 12:20:41.971 [main] INFO  tema1.Ejercicio3.Ejercicio3 - RetransmisionService.class
2025-10-08 12:20:41.971 [main] INFO  tema1.Ejercicio3.Ejercicio3 - UsuarioService.class
2025-10-08 12:20:41.971 [main] INFO  tema1.Ejercicio3.Ejercicio3 - controlar.java
2025-10-08 12:20:41.972 [main] INFO  tema1.Ejercicio3.Ejercicio3 - Canal.java
2025-10-08 12:20:41.972 [main] INFO  tema1.Ejercicio3.Ejercicio3 - Retransmision.java
2025-10-08 12:20:41.972 [main] INFO  tema1.Ejercicio3.Ejercicio3 - Usuario.java
2025-10-08 12:20:41.972 [main] INFO  tema1.Ejercicio3.Ejercicio3 - module-info.java
2025-10-08 12:20:41.972 [main] INFO  tema1.Ejercicio3.Ejercicio3 - CanalRepository.java
2025-10-08 12:20:41.972 [main] INFO  tema1.Ejercicio3.Ejercicio3 - RetransmisionRepository.java
2025-10-08 12:20:41.973 [main] INFO  tema1.Ejercicio3.Ejercicio3 - UsuarioRepository.java
2025-10-08 12:20:41.973 [main] INFO  tema1.Ejercicio3.Ejercicio3 - CanalService.java
2025-10-08 12:20:41.973 [main] INFO  tema1.Ejercicio3.Ejercicio3 - RetransmisionService.java
2025-10-08 12:20:41.973 [main] INFO  tema1.Ejercicio3.Ejercicio3 - UsuarioService.java
2025-10-08 12:26:20.271 [main] INFO  tema1.Ejercicio3.Ejercicio3 - fichero.txt
