2025-10-14 11:41:09.537 [main] INFO  tema1.Ejercicio3.Ejercicio3 - fichero.txt
2025-10-14 11:42:20.026 [main] INFO  tema1.Ejercicio3.Ejercicio3 - fichero.txt
2025-10-14 11:43:32.512 [main] INFO  tema1.Ejercicio3.Ejercicio3 - fichero.txt
2025-10-14 11:51:30.688 [main] INFO  tema1.Lectura.LecturaFichero - ignivnosavmvm
2025-10-14 11:51:30.690 [main] INFO  tema1.Lectura.LecturaFichero - aefoiwoaefmowafvm
2025-10-14 11:51:30.690 [main] INFO  tema1.Lectura.LecturaFichero - hola
2025-10-14 11:51:30.690 [main] INFO  tema1.Lectura.LecturaFichero - oidmpqdm
2025-10-14 11:52:03.119 [main] INFO  tema1.Lectura.LecturaFichero - ignivnosavmvm jffkefkjf
2025-10-14 11:52:03.121 [main] INFO  tema1.Lectura.LecturaFichero - aefoiwoaefmowafvm ojfeiojfojf
2025-10-14 11:52:03.121 [main] INFO  tema1.Lectura.LecturaFichero - hola fiojfonef
2025-10-14 11:52:03.121 [main] INFO  tema1.Lectura.LecturaFichero - oidmpqdm
2025-10-14 12:07:24.653 [main] INFO  tema1.Lectura.LecturaFichero - Pepe 1 3.5 7.7
2025-10-14 12:07:24.655 [main] INFO  tema1.Lectura.LecturaFichero - Marcos 2
2025-10-14 12:07:24.655 [main] INFO  tema1.Lectura.LecturaFichero - Candela 10 11.1
2025-10-14 12:08:53.234 [main] INFO  tema1.Lectura.LecturaFichero - Pepe 1 3.5 7.7
2025-10-14 12:08:53.237 [main] INFO  tema1.Lectura.LecturaFichero - Marcos 2
2025-10-14 12:08:53.237 [main] INFO  tema1.Lectura.LecturaFichero - Candela 10 11.1
2025-10-14 12:12:36.570 [main] INFO  tema1.Lectura.LecturaFichero - Alumno: Pepe
2025-10-14 12:12:36.574 [main] INFO  tema1.Lectura.LecturaFichero - Notas:1.0
2025-10-14 12:12:36.574 [main] INFO  tema1.Lectura.LecturaFichero - Alumno: 3.5
2025-10-14 12:12:36.574 [main] INFO  tema1.Lectura.LecturaFichero - Alumno: 7.7
2025-10-14 12:12:36.574 [main] INFO  tema1.Lectura.LecturaFichero - Alumno: Marcos
2025-10-14 12:12:36.574 [main] INFO  tema1.Lectura.LecturaFichero - Notas:2.0
2025-10-14 12:12:36.574 [main] INFO  tema1.Lectura.LecturaFichero - Alumno: Candela
2025-10-14 12:12:36.576 [main] INFO  tema1.Lectura.LecturaFichero - Notas:10.0
2025-10-14 12:12:36.576 [main] INFO  tema1.Lectura.LecturaFichero - Alumno: 11.1
2025-10-14 12:29:53.629 [main] INFO  tema1.Lectura.GestionaPersonas - tema1.Lectura.Persona@49049a04
2025-10-14 12:29:53.631 [main] INFO  tema1.Lectura.GestionaPersonas - tema1.Lectura.Persona@3527942a
2025-10-14 12:29:53.631 [main] INFO  tema1.Lectura.GestionaPersonas - tema1.Lectura.Persona@942a29c
2025-10-14 12:30:15.290 [main] INFO  tema1.Lectura.GestionaPersonas - Persona [nombre=Pepe, notas=[tema1.Lectura.Nota@49049a04, tema1.Lectura.Nota@71a8adcf, tema1.Lectura.Nota@27462a88]]
2025-10-14 12:30:15.293 [main] INFO  tema1.Lectura.GestionaPersonas - Persona [nombre=Marcos, notas=[tema1.Lectura.Nota@1ed6388a]]
2025-10-14 12:30:15.293 [main] INFO  tema1.Lectura.GestionaPersonas - Persona [nombre=Candela, notas=[tema1.Lectura.Nota@5a45133e, tema1.Lectura.Nota@534a5a98]]
2025-10-14 12:30:29.898 [main] INFO  tema1.Lectura.GestionaPersonas - Persona [nombre=Pepe, notas=[Nota [nota=0.0], Nota [nota=0.0], Nota [nota=0.0]]]
2025-10-14 12:30:29.900 [main] INFO  tema1.Lectura.GestionaPersonas - Persona [nombre=Marcos, notas=[Nota [nota=0.0]]]
2025-10-14 12:30:29.900 [main] INFO  tema1.Lectura.GestionaPersonas - Persona [nombre=Candela, notas=[Nota [nota=0.0], Nota [nota=0.0]]]
2025-10-14 12:34:43.934 [main] INFO  tema1.Lectura.GestionaPersonas - Persona [nombre=Pepe, notas=[Nota [nota=0.0], Nota [nota=0.0], Nota [nota=0.0]]]
2025-10-14 12:34:43.936 [main] INFO  tema1.Lectura.GestionaPersonas - Persona [nombre=Marcos, notas=[Nota [nota=0.0]]]
2025-10-14 12:34:43.937 [main] INFO  tema1.Lectura.GestionaPersonas - Persona [nombre=Candela, notas=[Nota [nota=0.0], Nota [nota=0.0]]]
2025-10-14 12:41:58.893 [main] INFO  tema1.Lectura.GestionaPersonas - Persona [nombre=Pepe, notas=[Nota [nota=0.0], Nota [nota=0.0], Nota [nota=0.0]]]
2025-10-14 12:41:58.895 [main] INFO  tema1.Lectura.GestionaPersonas - Persona [nombre=Marcos, notas=[Nota [nota=0.0]]]
2025-10-14 12:41:58.895 [main] INFO  tema1.Lectura.GestionaPersonas - Persona [nombre=Candela, notas=[Nota [nota=0.0], Nota [nota=0.0]]]
2025-10-14 12:50:11.301 [main] INFO  tema1.Lectura.GestionaPersonas - Persona [nombre=Pepe, notas=[Nota [nota=0.0], Nota [nota=0.0], Nota [nota=0.0]]]
2025-10-14 12:50:11.303 [main] INFO  tema1.Lectura.GestionaPersonas - Persona [nombre=Marcos, notas=[Nota [nota=0.0]]]
2025-10-14 12:50:11.303 [main] INFO  tema1.Lectura.GestionaPersonas - Persona [nombre=Candela, notas=[Nota [nota=0.0], Nota [nota=0.0]]]
2025-10-14 12:51:05.361 [main] INFO  tema1.Lectura.GestionaPersonas - Persona [nombre=Pepe, notas=[Nota [nota=1.0], Nota [nota=3.5], Nota [nota=7.7]]]
2025-10-14 12:51:05.363 [main] INFO  tema1.Lectura.GestionaPersonas - Persona [nombre=Marcos, notas=[Nota [nota=2.0]]]
2025-10-14 12:51:05.364 [main] INFO  tema1.Lectura.GestionaPersonas - Persona [nombre=Candela, notas=[Nota [nota=10.0], Nota [nota=11.1]]]
2025-10-14 13:00:13.015 [main] INFO  tema1.Lectura.GestionaPersonas - Persona [nombre=Pepe, notas=[Nota [nota=1.0], Nota [nota=3.5], Nota [nota=7.7]]]
2025-10-14 13:00:13.017 [main] INFO  tema1.Lectura.GestionaPersonas - Persona [nombre=Marcos, notas=[Nota [nota=2.0]]]
2025-10-14 13:00:13.017 [main] INFO  tema1.Lectura.GestionaPersonas - Persona [nombre=Candela, notas=[Nota [nota=10.0], Nota [nota=11.1]]]
