2025-12-15 18:27:33.183 [main] INFO  jdbc.controller.DixitControlador - Jugador{id=4, nombre='David Gómez', email='david@mail.com', puntosTotales=40}
2025-12-15 18:27:55.895 [main] INFO  jdbc.controller.DixitControlador - Jugador{id=4, nombre='David Gómez', email='david@mail.com', puntosTotales=40}
2025-12-15 18:27:55.899 [main] INFO  jdbc.controller.DixitControlador - []
2025-12-15 18:28:26.318 [main] INFO  jdbc.controller.DixitControlador - Jugador{id=4, nombre='David Gómez', email='david@mail.com', puntosTotales=40}
2025-12-15 18:28:26.323 [main] INFO  jdbc.controller.DixitControlador - []
2025-12-15 18:30:38.942 [main] INFO  jdbc.controller.DixitControlador - Jugador{id=4, nombre='David Gómez', email='david@mail.com', puntosTotales=40}
2025-12-15 18:32:01.910 [main] INFO  jdbc.controller.DixitControlador - Jugador{id=4, nombre='David Gómez', email='david@mail.com', puntosTotales=40}
2025-12-15 18:32:32.145 [main] INFO  jdbc.controller.DixitControlador - Jugador{id=4, nombre='David Gómez', email='david@mail.com', puntosTotales=40}
2025-12-15 18:33:03.147 [main] INFO  jdbc.controller.DixitControlador - Jugador{id=4, nombre='David Gómez', email='david@mail.com', puntosTotales=40}
2025-12-15 18:33:25.186 [main] INFO  jdbc.controller.DixitControlador - Jugador{id=4, nombre='David Gómez', email='david@mail.com', puntosTotales=40}
2025-12-15 18:35:00.833 [main] INFO  jdbc.controller.DixitControlador - Jugador{id=4, nombre='David Gómez', email='david@mail.com', puntosTotales=40}
2025-12-15 18:35:29.053 [main] INFO  jdbc.controller.DixitControlador - Jugador{id=4, nombre='David Gómez', email='david@mail.com', puntosTotales=40}
2025-12-15 18:35:29.060 [main] INFO  jdbc.controller.DixitControlador - Lista de puntuaciones: []
2025-12-15 18:39:32.810 [main] INFO  jdbc.controller.DixitControlador - Jugador{id=4, nombre='David Gómez', email='david@mail.com', puntosTotales=40}
2025-12-15 18:39:32.816 [main] INFO  jdbc.controller.DixitControlador - Lista de puntuaciones: []
2025-12-15 18:45:17.301 [main] INFO  jdbc.controller.DixitControlador - Jugador{id=4, nombre='David Gómez', email='david@mail.com', puntosTotales=40}
2025-12-15 18:45:17.307 [main] INFO  jdbc.controller.DixitControlador - Lista de puntuaciones: []
2025-12-15 18:48:02.123 [main] INFO  jdbc.controller.DixitControlador - Jugador{id=4, nombre='David Gómez', email='david@mail.com', puntosTotales=40}
2025-12-15 18:48:02.129 [main] ERROR jdbc.controller.DixitControlador - Error al obtener puntuaciones: Error al mostrar puntuaciones: No operations allowed after connection closed.
2025-12-15 18:51:55.583 [main] INFO  jdbc.controller.DixitControlador - Jugador{id=4, nombre='David Gómez', email='david@mail.com', puntosTotales=40}
2025-12-15 18:51:55.599 [main] INFO  jdbc.controller.DixitControlador - Lista de puntuaciones: [Jugador{id=0, nombre='David Gómez', email='null', puntosTotales=40}, Jugador{id=0, nombre='Carlos Pérez', email='null', puntosTotales=32}, Jugador{id=0, nombre='Sara Ruiz', email='null', puntosTotales=27}, Jugador{id=0, nombre='Laura Martínez', email='null', puntosTotales=25}, Jugador{id=0, nombre='Ana Torres', email='null', puntosTotales=18}]
2025-12-15 18:54:59.939 [main] INFO  jdbc.controller.DixitControlador - Jugador{id=4, nombre='David Gómez', email='david@mail.com', puntosTotales=40}
2025-12-15 18:54:59.955 [main] INFO  jdbc.controller.DixitControlador - Lista de puntuaciones: [Jugador{id=0, nombre='David Gómez', email='null', puntosTotales=40}, Jugador{id=0, nombre='Carlos Pérez', email='null', puntosTotales=32}, Jugador{id=0, nombre='Sara Ruiz', email='null', puntosTotales=27}, Jugador{id=0, nombre='Laura Martínez', email='null', puntosTotales=25}, Jugador{id=0, nombre='Ana Torres', email='null', puntosTotales=18}]
2025-12-15 19:01:32.823 [main] INFO  jdbc.repository.JugadorRepository - Jugador añadido: Ana García
2025-12-15 19:01:32.856 [main] INFO  jdbc.controller.DixitControlador - Jugador{id=4, nombre='David Gómez', email='david@mail.com', puntosTotales=40}
2025-12-15 19:01:32.867 [main] INFO  jdbc.controller.DixitControlador - Lista de puntuaciones: [Jugador{id=0, nombre='David Gómez', email='null', puntosTotales=40}, Jugador{id=0, nombre='Carlos Pérez', email='null', puntosTotales=32}, Jugador{id=0, nombre='Sara Ruiz', email='null', puntosTotales=27}, Jugador{id=0, nombre='Laura Martínez', email='null', puntosTotales=25}, Jugador{id=0, nombre='Ana Torres', email='null', puntosTotales=18}, Jugador{id=0, nombre='Ana García', email='null', puntosTotales=12}]
2025-12-15 19:02:17.264 [main] INFO  jdbc.repository.JugadorRepository - Jugador añadido: Ana García
2025-12-15 19:02:17.287 [main] INFO  jdbc.repository.JugadorRepository - Jugador añadido: Carlos Ruiz
2025-12-15 19:02:17.306 [main] INFO  jdbc.repository.JugadorRepository - Jugador añadido: María López
2025-12-15 19:02:17.325 [main] INFO  jdbc.repository.JugadorRepository - Jugador añadido: Pedro Martínez
2025-12-15 19:02:17.353 [main] INFO  jdbc.controller.DixitControlador - Jugador{id=4, nombre='David Gómez', email='david@mail.com', puntosTotales=40}
2025-12-15 19:02:17.366 [main] INFO  jdbc.controller.DixitControlador - Lista de puntuaciones: [Jugador{id=0, nombre='David Gómez', email='null', puntosTotales=40}, Jugador{id=0, nombre='Pedro Martínez', email='null', puntosTotales=37}, Jugador{id=0, nombre='Carlos Pérez', email='null', puntosTotales=32}, Jugador{id=0, nombre='Sara Ruiz', email='null', puntosTotales=27}, Jugador{id=0, nombre='Laura Martínez', email='null', puntosTotales=25}, Jugador{id=0, nombre='Carlos Ruiz', email='null', puntosTotales=23}, Jugador{id=0, nombre='Ana Torres', email='null', puntosTotales=18}, Jugador{id=0, nombre='María López', email='null', puntosTotales=18}, Jugador{id=0, nombre='Ana García', email='null', puntosTotales=12}, Jugador{id=0, nombre='Ana García', email='null', puntosTotales=12}]
2025-12-15 19:28:39.979 [main] INFO  jdbc.controller.DixitControlador - Jugador{id=4, nombre='David Gómez', email='david@mail.com', puntosTotales=40}
2025-12-15 19:28:39.996 [main] INFO  jdbc.controller.DixitControlador - Lista de puntuaciones: [Jugador{id=0, nombre='David Gómez', email='null', puntosTotales=40}, Jugador{id=0, nombre='Pedro Martínez', email='null', puntosTotales=37}, Jugador{id=0, nombre='Carlos Pérez', email='null', puntosTotales=32}, Jugador{id=0, nombre='Sara Ruiz', email='null', puntosTotales=27}, Jugador{id=0, nombre='Laura Martínez', email='null', puntosTotales=25}, Jugador{id=0, nombre='Carlos Ruiz', email='null', puntosTotales=23}, Jugador{id=0, nombre='Ana Torres', email='null', puntosTotales=18}, Jugador{id=0, nombre='María López', email='null', puntosTotales=18}, Jugador{id=0, nombre='Ana García', email='null', puntosTotales=12}, Jugador{id=0, nombre='Ana García', email='null', puntosTotales=12}]
2025-12-15 19:58:54.546 [main] INFO  jdbc.controller.DixitControlador - Jugador{id=4, nombre='David Gómez', email='david@mail.com', puntosTotales=40}
2025-12-15 19:58:54.560 [main] INFO  jdbc.controller.DixitControlador - Lista de puntuaciones: [Jugador{id=0, nombre='David Gómez', email='null', puntosTotales=40}, Jugador{id=0, nombre='Pedro Martínez', email='null', puntosTotales=37}, Jugador{id=0, nombre='Carlos Pérez', email='null', puntosTotales=32}, Jugador{id=0, nombre='Sara Ruiz', email='null', puntosTotales=27}, Jugador{id=0, nombre='Laura Martínez', email='null', puntosTotales=25}, Jugador{id=0, nombre='Carlos Ruiz', email='null', puntosTotales=23}, Jugador{id=0, nombre='Ana Torres', email='null', puntosTotales=18}, Jugador{id=0, nombre='María López', email='null', puntosTotales=18}, Jugador{id=0, nombre='Ana García', email='null', puntosTotales=12}, Jugador{id=0, nombre='Ana García', email='null', puntosTotales=12}]
2025-12-15 19:59:25.648 [main] INFO  jdbc.controller.DixitControlador - Jugador{id=4, nombre='David Gómez', email='david@mail.com', puntosTotales=40}
2025-12-15 19:59:25.664 [main] INFO  jdbc.controller.DixitControlador - Lista de puntuaciones: [Jugador{id=0, nombre='David Gómez', email='null', puntosTotales=40}, Jugador{id=0, nombre='Pedro Martínez', email='null', puntosTotales=37}, Jugador{id=0, nombre='Carlos Pérez', email='null', puntosTotales=32}, Jugador{id=0, nombre='Sara Ruiz', email='null', puntosTotales=27}, Jugador{id=0, nombre='Laura Martínez', email='null', puntosTotales=25}, Jugador{id=0, nombre='Carlos Ruiz', email='null', puntosTotales=23}, Jugador{id=0, nombre='Ana Torres', email='null', puntosTotales=18}, Jugador{id=0, nombre='María López', email='null', puntosTotales=18}, Jugador{id=0, nombre='Ana García', email='null', puntosTotales=12}, Jugador{id=0, nombre='Ana García', email='null', puntosTotales=12}]
2025-12-15 19:59:25.681 [main] INFO  jdbc.controller.DixitControlador - [Partida{id=1, torneoId=1, narradorId=null, fecha=2024-02-01, resultado=TODOS}, Partida{id=2, torneoId=1, narradorId=null, fecha=2024-02-08, resultado=ALGUNOS}, Partida{id=3, torneoId=1, narradorId=null, fecha=2024-02-15, resultado=NADIE}]
